
> docs@1.0.0 build
> astro build

[auto-import] ⚠️ @astrojs/mdx initialized BEFORE astro-auto-import.
              Auto imports in .mdx files won’t work!
              Move the MDX integration after auto-import in your integrations array in astro.config.
[sdk-setup] SDK build artifacts not found — running sdk:clone and sdk:generate...
[sdk-setup] Running: npm run sdk:clone

> docs@1.0.0 sdk:clone
> tsx scripts/clone-sdks.ts

🔄 SDK Clone/Pull Script

📦 sdk-typescript: Cloning repository...
Running: git clone https://github.com/strands-agents/sdk-typescript.git .build/sdk-typescript
Cloning into '.build/sdk-typescript'...

📦 sdk-python: Cloning repository...
Running: git clone https://github.com/strands-agents/sdk-python.git .build/sdk-python
Cloning into '.build/sdk-python'...

✅ Done!
[sdk-setup] Running: npm run sdk:generate

> docs@1.0.0 sdk:generate
> npm run sdk:generate:py && npm run sdk:generate:ts


> docs@1.0.0 sdk:generate:py
> command -v uv >/dev/null 2>&1 && uv run scripts/api-generation-python.py || (pip install pydoc-markdown>=4.8.2 && python scripts/api-generation-python.py)

   Building docstring-parser==0.11
      Built docstring-parser==0.11
Installed 32 packages in 12ms
2 cross-reference(s) could not be resolved:
  strands.tools.decorator: Args, Returns
Generated: .build/api-docs/python/strands.event_loop.event_loop.mdx
Generated: .build/api-docs/python/strands.event_loop.streaming.mdx
Skipping private module: strands.event_loop._retry
Skipping private module: strands.event_loop._recover_message_on_max_tokens_reached
Generated: .build/api-docs/python/strands.telemetry.metrics.mdx
Generated: .build/api-docs/python/strands.telemetry.config.mdx
Generated: .build/api-docs/python/strands.telemetry.tracer.mdx
Skipping private module: strands._exception_notes
Generated: .build/api-docs/python/strands.agent.conversation_manager.summarizing_conversation_manager.mdx
Generated: .build/api-docs/python/strands.agent.conversation_manager.null_conversation_manager.mdx
Generated: .build/api-docs/python/strands.agent.conversation_manager.conversation_manager.mdx
Generated: .build/api-docs/python/strands.agent.conversation_manager.sliding_window_conversation_manager.mdx
Generated: .build/api-docs/python/strands.agent.a2a_agent.mdx
Generated: .build/api-docs/python/strands.agent.base.mdx
Skipping excluded module: strands.agent
Generated: .build/api-docs/python/strands.agent.agent_result.mdx
Generated: .build/api-docs/python/strands.agent.agent.mdx
Skipping private module: strands._async
Generated: .build/api-docs/python/strands.experimental.agent_config.mdx
Generated: .build/api-docs/python/strands.experimental.bidi.agent.agent.mdx
Generated: .build/api-docs/python/strands.experimental.bidi.agent.loop.mdx
Skipping private module: strands.experimental.bidi._async
Skipping private module: strands.experimental.bidi._async._task_group
Skipping private module: strands.experimental.bidi._async._task_pool
Generated: .build/api-docs/python/strands.experimental.bidi.mdx
Generated: .build/api-docs/python/strands.experimental.bidi.io.audio.mdx
Generated: .build/api-docs/python/strands.experimental.bidi.io.text.mdx
Generated: .build/api-docs/python/strands.experimental.bidi.types.events.mdx
Generated: .build/api-docs/python/strands.experimental.bidi.types.io.mdx
Generated: .build/api-docs/python/strands.experimental.bidi.types.model.mdx
Generated: .build/api-docs/python/strands.experimental.bidi.models.gemini_live.mdx
Generated: .build/api-docs/python/strands.experimental.bidi.models.nova_sonic.mdx
Generated: .build/api-docs/python/strands.experimental.bidi.models.mdx
Generated: .build/api-docs/python/strands.experimental.bidi.models.model.mdx
Generated: .build/api-docs/python/strands.experimental.bidi.models.openai_realtime.mdx
Generated: .build/api-docs/python/strands.experimental.bidi.tools.stop_conversation.mdx
Generated: .build/api-docs/python/strands.experimental.hooks.events.mdx
Generated: .build/api-docs/python/strands.multiagent.graph.mdx
Generated: .build/api-docs/python/strands.multiagent.base.mdx
Generated: .build/api-docs/python/strands.multiagent.swarm.mdx
Skipping private module: strands.multiagent.a2a._converters
Generated: .build/api-docs/python/strands.multiagent.a2a.server.mdx
Generated: .build/api-docs/python/strands.multiagent.a2a.executor.mdx
Generated: .build/api-docs/python/strands.handlers.callback_handler.mdx
Generated: .build/api-docs/python/strands.session.session_manager.mdx
Generated: .build/api-docs/python/strands.session.session_repository.mdx
Generated: .build/api-docs/python/strands.session.repository_session_manager.mdx
Generated: .build/api-docs/python/strands.session.file_session_manager.mdx
Generated: .build/api-docs/python/strands.session.s3_session_manager.mdx
Generated: .build/api-docs/python/strands.vended_plugins.skills.skill.mdx
Generated: .build/api-docs/python/strands.vended_plugins.skills.agent_skills.mdx
Generated: .build/api-docs/python/strands.vended_plugins.steering.context_providers.ledger_provider.mdx
Generated: .build/api-docs/python/strands.vended_plugins.steering.handlers.llm.mappers.mdx
Generated: .build/api-docs/python/strands.vended_plugins.steering.handlers.llm.llm_handler.mdx
Generated: .build/api-docs/python/strands.vended_plugins.steering.core.handler.mdx
Generated: .build/api-docs/python/strands.vended_plugins.steering.core.context.mdx
Generated: .build/api-docs/python/strands.vended_plugins.steering.core.action.mdx
Generated: .build/api-docs/python/strands.types.media.mdx
Generated: .build/api-docs/python/strands.types.content.mdx
Generated: .build/api-docs/python/strands.types.event_loop.mdx
Generated: .build/api-docs/python/strands.types.collections.mdx
Generated: .build/api-docs/python/strands.types.citations.mdx
Generated: .build/api-docs/python/strands.types.a2a.mdx
Generated: .build/api-docs/python/strands.types.exceptions.mdx
Generated: .build/api-docs/python/strands.types.json_dict.mdx
Generated: .build/api-docs/python/strands.types.guardrails.mdx
Generated: .build/api-docs/python/strands.types.session.mdx
Generated: .build/api-docs/python/strands.types.streaming.mdx
Generated: .build/api-docs/python/strands.types.agent.mdx
Generated: .build/api-docs/python/strands.types.tools.mdx
Generated: .build/api-docs/python/strands.types.interrupt.mdx
Skipping private module: strands.types._events
Generated: .build/api-docs/python/strands.hooks.events.mdx
Skipping private module: strands.hooks._type_inference
Generated: .build/api-docs/python/strands.hooks.registry.mdx
Generated: .build/api-docs/python/strands.plugins.plugin.mdx
Generated: .build/api-docs/python/strands.plugins.decorator.mdx
Generated: .build/api-docs/python/strands.plugins.registry.mdx
Generated: .build/api-docs/python/strands.interrupt.mdx
Generated: .build/api-docs/python/strands.models.writer.mdx
Generated: .build/api-docs/python/strands.models.gemini.mdx
Generated: .build/api-docs/python/strands.models.mistral.mdx
Generated: .build/api-docs/python/strands.models.llamacpp.mdx
Generated: .build/api-docs/python/strands.models.litellm.mdx
Skipping private module: strands.models._validation
Generated: .build/api-docs/python/strands.models.ollama.mdx
Generated: .build/api-docs/python/strands.models.mdx
Generated: .build/api-docs/python/strands.models.openai_responses.mdx
Generated: .build/api-docs/python/strands.models.model.mdx
Generated: .build/api-docs/python/strands.models.openai.mdx
Generated: .build/api-docs/python/strands.models.llamaapi.mdx
Generated: .build/api-docs/python/strands.models.bedrock.mdx
Generated: .build/api-docs/python/strands.models.sagemaker.mdx
Generated: .build/api-docs/python/strands.models.anthropic.mdx
Skipping private module: strands._identifier
Generated: .build/api-docs/python/strands.tools.mcp.mcp_types.mdx
Generated: .build/api-docs/python/strands.tools.mcp.mcp_instrumentation.mdx
Generated: .build/api-docs/python/strands.tools.mcp.mcp_tasks.mdx
Generated: .build/api-docs/python/strands.tools.mcp.mcp_agent_tool.mdx
Generated: .build/api-docs/python/strands.tools.mcp.mcp_client.mdx
Generated: .build/api-docs/python/strands.tools.watcher.mdx
Generated: .build/api-docs/python/strands.tools.tool_provider.mdx
Generated: .build/api-docs/python/strands.tools.loader.mdx
Generated: .build/api-docs/python/strands.tools.structured_output.structured_output_utils.mdx
Generated: .build/api-docs/python/strands.tools.structured_output.structured_output_tool.mdx
Skipping private module: strands.tools.structured_output._structured_output_context
Skipping private module: strands.tools._validator
Skipping private module: strands.tools._caller
Skipping private module: strands.tools._tool_helpers
Generated: .build/api-docs/python/strands.tools.decorator.mdx
Generated: .build/api-docs/python/strands.tools.registry.mdx
Generated: .build/api-docs/python/strands.tools.tools.mdx
Generated: .build/api-docs/python/strands.tools.executors.sequential.mdx
Generated: .build/api-docs/python/strands.tools.executors.concurrent.mdx
Skipping private module: strands.tools.executors._executor

Total modules documented: 97

> docs@1.0.0 sdk:generate:ts
> tsx scripts/api-generation-typescript.ts

🔧 TypeScript API Documentation Generator


📚 Running typedoc...

[96m[info][0m Loaded plugin typedoc-plugin-markdown
[93m[warning][0m StateSerializable, defined in @strands-agents/sdk/src/types/serializable.ts, is referenced by AppState but not included in the documentation
[93m[warning][0m HookRegistry, defined in @strands-agents/sdk/src/hooks/registry.ts, is referenced by HookRegistry but not included in the documentation
[93m[warning][0m RuntimeConfig, defined in @strands-agents/sdk/src/mcp.ts, is referenced by McpClientConfig but not included in the documentation
[93m[warning][0m ModelContentBlockStopEventData, defined in @strands-agents/sdk/src/models/streaming.ts, is referenced by ModelStreamEvent but not included in the documentation
[93m[warning][0m MultiAgentBase, defined in @strands-agents/sdk/src/multiagent/base.ts, is referenced by Graph but not included in the documentation
[93m[warning][0m JSONSerializable, defined in @strands-agents/sdk/src/types/json.ts, is referenced by AgentMetrics but not included in the documentation
[93m[warning][0m AgentMetricsData, defined in @strands-agents/sdk/src/telemetry/meter.ts, is referenced by AgentMetrics but not included in the documentation
[93m[warning][0m ZodInferred, defined in @strands-agents/sdk/src/tools/zod-tool.ts, is referenced by ZodTool but not included in the documentation
[93m[warning][0m JsonBlockData, defined in @strands-agents/sdk/src/types/messages.ts, is referenced by JsonBlock but not included in the documentation
[93m[warning][0m SystemContentBlockData, defined in @strands-agents/sdk/src/types/messages.ts, is referenced by SystemPromptData but not included in the documentation
[93m[warning][0m Node, defined in @strands-agents/sdk/src/multiagent/nodes.ts, is referenced by Graph.nodes but not included in the documentation
[93m[warning][0m Edge, defined in @strands-agents/sdk/src/multiagent/edge.ts, is referenced by Graph.edges but not included in the documentation
[93m[warning][0m GraphConfig, defined in @strands-agents/sdk/src/multiagent/graph.ts, is referenced by Graph.config but not included in the documentation
[93m[warning][0m AgentNode, defined in @strands-agents/sdk/src/multiagent/nodes.ts, is referenced by Swarm.nodes but not included in the documentation
[93m[warning][0m SwarmConfig, defined in @strands-agents/sdk/src/multiagent/swarm.ts, is referenced by Swarm.config but not included in the documentation
[93m[warning][0m InvocationMetricsData, defined in @strands-agents/sdk/src/telemetry/meter.ts, is referenced by AgentMetrics.agentInvocations but not included in the documentation
[93m[warning][0m ToolMetricsData, defined in @strands-agents/sdk/src/telemetry/meter.ts, is referenced by AgentMetrics.toolMetrics but not included in the documentation
[93m[warning][0m ToolResultContentData, defined in @strands-agents/sdk/src/types/messages.ts, is referenced by ToolResultBlockData.content but not included in the documentation
[93m[warning][0m ToolRegistry, defined in @strands-agents/sdk/src/registry/tool-registry.ts, is referenced by Agent.toolRegistry but not included in the documentation
[93m[warning][0m HookCleanup, defined in @strands-agents/sdk/src/hooks/types.ts, is referenced by HookRegistry.addCallback but not included in the documentation
[93m[warning][0m McpTool, defined in @strands-agents/sdk/src/tools/mcp-tool.ts, is referenced by McpClient.listTools but not included in the documentation
[93m[warning][0m StreamAggregatedResult, defined in @strands-agents/sdk/src/models/model.ts, is referenced by BedrockModel.streamAggregated but not included in the documentation
[93m[warning][0m MultiAgentResult, defined in @strands-agents/sdk/src/multiagent/state.ts, is referenced by Graph.invoke but not included in the documentation
[93m[warning][0m MultiAgentStreamEvent, defined in @strands-agents/sdk/src/multiagent/events.ts, is referenced by Graph.stream but not included in the documentation
[93m[warning][0m Serialized, defined in @strands-agents/sdk/src/types/json.ts, is referenced by CitationsBlock.__type.citations but not included in the documentation
[93m[warning][0m InvokeArgs, defined in @strands-agents/sdk/src/agent/agent.ts, is referenced by Agent.invoke.args but not included in the documentation
[93m[warning][0m InvokeOptions, defined in @strands-agents/sdk/src/agent/agent.ts, is referenced by Agent.invoke.options but not included in the documentation
[93m[warning][0m GraphOptions, defined in @strands-agents/sdk/src/multiagent/graph.ts, is referenced by Graph.constructor.options but not included in the documentation
[93m[warning][0m SwarmOptions, defined in @strands-agents/sdk/src/multiagent/swarm.ts, is referenced by Swarm.constructor.options but not included in the documentation
[93m[warning][0m The comment for AgentMetrics links to "Meter.metrics" which was resolved but is not included in the documentation. To fix this warning export it or add { "@strands-agents/sdk": { "Meter.metrics": "#" }} to the externalSymbolLinkMappings option
[93m[warning][0m The comment for Graph.initialize links to "MultiAgentInitializedEvent" which was resolved but is not included in the documentation. To fix this warning export it or add { "@strands-agents/sdk": { "MultiAgentInitializedEvent": "#" }} to the externalSymbolLinkMappings option
[93m[warning][0m The comment for Swarm.initialize links to "MultiAgentInitializedEvent" which was resolved but is not included in the documentation. To fix this warning export it or add { "@strands-agents/sdk": { "MultiAgentInitializedEvent": "#" }} to the externalSymbolLinkMappings option
[96m[info][0m markdown generated at ./.build/api-docs/typescript
[93m[warning][0m Found 0 errors and 32 warnings

📝 Post-processing files...

Processed: .build/api-docs/typescript/Strands-Agents-TypeScript-SDK/namespaces/telemetry/functions/getTracer.md → functions/getTracer.mdx
Processed: .build/api-docs/typescript/Strands-Agents-TypeScript-SDK/namespaces/telemetry/functions/setupTracer.md → functions/setupTracer.mdx
Processed: .build/api-docs/typescript/Strands-Agents-TypeScript-SDK/namespaces/telemetry/index.md → namespaces/telemetry.mdx
Processed: .build/api-docs/typescript/Strands-Agents-TypeScript-SDK/namespaces/telemetry/interfaces/TracerConfig.md → interfaces/TracerConfig.mdx
Processed: .build/api-docs/typescript/classes/AfterInvocationEvent.md → classes/AfterInvocationEvent.mdx
Processed: .build/api-docs/typescript/classes/AfterModelCallEvent.md → classes/AfterModelCallEvent.mdx
Processed: .build/api-docs/typescript/classes/AfterToolCallEvent.md → classes/AfterToolCallEvent.mdx
Processed: .build/api-docs/typescript/classes/AfterToolsEvent.md → classes/AfterToolsEvent.mdx
Processed: .build/api-docs/typescript/classes/Agent.md → classes/Agent.mdx
Processed: .build/api-docs/typescript/classes/AgentMetrics.md → classes/AgentMetrics.mdx
Processed: .build/api-docs/typescript/classes/AgentResult.md → classes/AgentResult.mdx
Processed: .build/api-docs/typescript/classes/AgentResultEvent.md → classes/AgentResultEvent.mdx
Processed: .build/api-docs/typescript/classes/AppState.md → classes/AppState.mdx
Processed: .build/api-docs/typescript/classes/BedrockModel.md → classes/BedrockModel.mdx
Processed: .build/api-docs/typescript/classes/BeforeInvocationEvent.md → classes/BeforeInvocationEvent.mdx
Processed: .build/api-docs/typescript/classes/BeforeModelCallEvent.md → classes/BeforeModelCallEvent.mdx
Processed: .build/api-docs/typescript/classes/BeforeToolCallEvent.md → classes/BeforeToolCallEvent.mdx
Processed: .build/api-docs/typescript/classes/BeforeToolsEvent.md → classes/BeforeToolsEvent.mdx
Processed: .build/api-docs/typescript/classes/CachePointBlock.md → classes/CachePointBlock.mdx
Processed: .build/api-docs/typescript/classes/CitationsBlock.md → classes/CitationsBlock.mdx
Processed: .build/api-docs/typescript/classes/ConcurrentInvocationError.md → classes/ConcurrentInvocationError.mdx
Processed: .build/api-docs/typescript/classes/ContentBlockEvent.md → classes/ContentBlockEvent.mdx
Processed: .build/api-docs/typescript/classes/ContextWindowOverflowError.md → classes/ContextWindowOverflowError.mdx
Processed: .build/api-docs/typescript/classes/DocumentBlock.md → classes/DocumentBlock.mdx
Processed: .build/api-docs/typescript/classes/FileStorage.md → classes/FileStorage.mdx
Processed: .build/api-docs/typescript/classes/FunctionTool.md → classes/FunctionTool.mdx
Processed: .build/api-docs/typescript/classes/Graph.md → classes/Graph.mdx
Processed: .build/api-docs/typescript/classes/GuardContentBlock.md → classes/GuardContentBlock.mdx
Processed: .build/api-docs/typescript/classes/HookRegistry.md → classes/HookRegistry.mdx
Processed: .build/api-docs/typescript/classes/HookableEvent.md → classes/HookableEvent.mdx
Processed: .build/api-docs/typescript/classes/ImageBlock.md → classes/ImageBlock.mdx
Processed: .build/api-docs/typescript/classes/InitializedEvent.md → classes/InitializedEvent.mdx
Processed: .build/api-docs/typescript/classes/JsonBlock.md → classes/JsonBlock.mdx
Processed: .build/api-docs/typescript/classes/JsonValidationError.md → classes/JsonValidationError.mdx
Processed: .build/api-docs/typescript/classes/MaxTokensError.md → classes/MaxTokensError.mdx
Processed: .build/api-docs/typescript/classes/McpClient.md → classes/McpClient.mdx
Processed: .build/api-docs/typescript/classes/Message.md → classes/Message.mdx
Processed: .build/api-docs/typescript/classes/MessageAddedEvent.md → classes/MessageAddedEvent.mdx
Processed: .build/api-docs/typescript/classes/Model.md → classes/Model.mdx
Processed: .build/api-docs/typescript/classes/ModelError.md → classes/ModelError.mdx
Processed: .build/api-docs/typescript/classes/ModelMessageEvent.md → classes/ModelMessageEvent.mdx
Processed: .build/api-docs/typescript/classes/ModelStreamUpdateEvent.md → classes/ModelStreamUpdateEvent.mdx
Processed: .build/api-docs/typescript/classes/ModelThrottledError.md → classes/ModelThrottledError.mdx
Processed: .build/api-docs/typescript/classes/NullConversationManager.md → classes/NullConversationManager.mdx
Processed: .build/api-docs/typescript/classes/ReasoningBlock.md → classes/ReasoningBlock.mdx
Processed: .build/api-docs/typescript/classes/S3Location.md → classes/S3Location.mdx
Processed: .build/api-docs/typescript/classes/S3Storage.md → classes/S3Storage.mdx
Processed: .build/api-docs/typescript/classes/SessionManager.md → classes/SessionManager.mdx
Processed: .build/api-docs/typescript/classes/SlidingWindowConversationManager.md → classes/SlidingWindowConversationManager.mdx
Processed: .build/api-docs/typescript/classes/StreamEvent.md → classes/StreamEvent.mdx
Processed: .build/api-docs/typescript/classes/StructuredOutputException.md → classes/StructuredOutputException.mdx
Processed: .build/api-docs/typescript/classes/Swarm.md → classes/Swarm.mdx
Processed: .build/api-docs/typescript/classes/TextBlock.md → classes/TextBlock.mdx
Processed: .build/api-docs/typescript/classes/Tool.md → classes/Tool.mdx
Processed: .build/api-docs/typescript/classes/ToolResultBlock.md → classes/ToolResultBlock.mdx
Processed: .build/api-docs/typescript/classes/ToolResultEvent.md → classes/ToolResultEvent.mdx
Processed: .build/api-docs/typescript/classes/ToolStreamUpdateEvent.md → classes/ToolStreamUpdateEvent.mdx
Processed: .build/api-docs/typescript/classes/ToolUseBlock.md → classes/ToolUseBlock.mdx
Processed: .build/api-docs/typescript/classes/ToolValidationError.md → classes/ToolValidationError.mdx
Processed: .build/api-docs/typescript/classes/VideoBlock.md → classes/VideoBlock.mdx
Processed: .build/api-docs/typescript/classes/ZodTool.md → classes/ZodTool.mdx
Processed: .build/api-docs/typescript/functions/configureLogging.md → functions/configureLogging.mdx
Processed: .build/api-docs/typescript/functions/contentBlockFromData.md → functions/contentBlockFromData.mdx
Processed: .build/api-docs/typescript/functions/isModelStreamEvent.md → functions/isModelStreamEvent.mdx
Processed: .build/api-docs/typescript/functions/tool.md → functions/tool.mdx
Deleted: .build/api-docs/typescript/index.md (using custom index)
Processed: .build/api-docs/typescript/interfaces/AgentData.md → interfaces/AgentData.mdx
Processed: .build/api-docs/typescript/interfaces/BaseModelConfig.md → interfaces/BaseModelConfig.mdx
Processed: .build/api-docs/typescript/interfaces/BedrockGuardrailConfig.md → interfaces/BedrockGuardrailConfig.mdx
Processed: .build/api-docs/typescript/interfaces/BedrockGuardrailRedactionConfig.md → interfaces/BedrockGuardrailRedactionConfig.mdx
Processed: .build/api-docs/typescript/interfaces/BedrockModelConfig.md → interfaces/BedrockModelConfig.mdx
Processed: .build/api-docs/typescript/interfaces/BedrockModelOptions.md → interfaces/BedrockModelOptions.mdx
Processed: .build/api-docs/typescript/interfaces/CachePointBlockData.md → interfaces/CachePointBlockData.mdx
Processed: .build/api-docs/typescript/interfaces/Citation.md → interfaces/Citation.mdx
Processed: .build/api-docs/typescript/interfaces/CitationsBlockData.md → interfaces/CitationsBlockData.mdx
Processed: .build/api-docs/typescript/interfaces/CitationsDelta.md → interfaces/CitationsDelta.mdx
Processed: .build/api-docs/typescript/interfaces/DocumentBlockData.md → interfaces/DocumentBlockData.mdx
Processed: .build/api-docs/typescript/interfaces/FunctionToolConfig.md → interfaces/FunctionToolConfig.mdx
Processed: .build/api-docs/typescript/interfaces/GuardContentBlockData.md → interfaces/GuardContentBlockData.mdx
Processed: .build/api-docs/typescript/interfaces/GuardContentImage.md → interfaces/GuardContentImage.mdx
Processed: .build/api-docs/typescript/interfaces/GuardContentText.md → interfaces/GuardContentText.mdx
Processed: .build/api-docs/typescript/interfaces/HookProvider.md → interfaces/HookProvider.mdx
Processed: .build/api-docs/typescript/interfaces/ImageBlockData.md → interfaces/ImageBlockData.mdx
Processed: .build/api-docs/typescript/interfaces/InvokableTool.md → interfaces/InvokableTool.mdx
Processed: .build/api-docs/typescript/interfaces/Logger.md → interfaces/Logger.mdx
Processed: .build/api-docs/typescript/interfaces/MessageData.md → interfaces/MessageData.mdx
Processed: .build/api-docs/typescript/interfaces/Metrics.md → interfaces/Metrics.mdx
Processed: .build/api-docs/typescript/interfaces/ModelContentBlockDeltaEvent.md → interfaces/ModelContentBlockDeltaEvent.mdx
Processed: .build/api-docs/typescript/interfaces/ModelContentBlockDeltaEventData.md → interfaces/ModelContentBlockDeltaEventData.mdx
Processed: .build/api-docs/typescript/interfaces/ModelContentBlockStartEvent.md → interfaces/ModelContentBlockStartEvent.mdx
Processed: .build/api-docs/typescript/interfaces/ModelContentBlockStartEventData.md → interfaces/ModelContentBlockStartEventData.mdx
Processed: .build/api-docs/typescript/interfaces/ModelContentBlockStopEvent.md → interfaces/ModelContentBlockStopEvent.mdx
Processed: .build/api-docs/typescript/interfaces/ModelMessageStartEvent.md → interfaces/ModelMessageStartEvent.mdx
Processed: .build/api-docs/typescript/interfaces/ModelMessageStartEventData.md → interfaces/ModelMessageStartEventData.mdx
Processed: .build/api-docs/typescript/interfaces/ModelMessageStopEvent.md → interfaces/ModelMessageStopEvent.mdx
Processed: .build/api-docs/typescript/interfaces/ModelMessageStopEventData.md → interfaces/ModelMessageStopEventData.mdx
Processed: .build/api-docs/typescript/interfaces/ModelMetadataEvent.md → interfaces/ModelMetadataEvent.mdx
Processed: .build/api-docs/typescript/interfaces/ModelMetadataEventData.md → interfaces/ModelMetadataEventData.mdx
Processed: .build/api-docs/typescript/interfaces/ModelRedactionEvent.md → interfaces/ModelRedactionEvent.mdx
Processed: .build/api-docs/typescript/interfaces/ModelRedactionEventData.md → interfaces/ModelRedactionEventData.mdx
Processed: .build/api-docs/typescript/interfaces/ModelStopResponse.md → interfaces/ModelStopResponse.mdx
Processed: .build/api-docs/typescript/interfaces/ReasoningBlockData.md → interfaces/ReasoningBlockData.mdx
Processed: .build/api-docs/typescript/interfaces/ReasoningContentDelta.md → interfaces/ReasoningContentDelta.mdx
Processed: .build/api-docs/typescript/interfaces/RedactInputContent.md → interfaces/RedactInputContent.mdx
Processed: .build/api-docs/typescript/interfaces/RedactOutputContent.md → interfaces/RedactOutputContent.mdx
Processed: .build/api-docs/typescript/interfaces/Redaction.md → interfaces/Redaction.mdx
Processed: .build/api-docs/typescript/interfaces/S3LocationData.md → interfaces/S3LocationData.mdx
Processed: .build/api-docs/typescript/interfaces/SessionManagerConfig.md → interfaces/SessionManagerConfig.mdx
Processed: .build/api-docs/typescript/interfaces/Snapshot.md → interfaces/Snapshot.mdx
Processed: .build/api-docs/typescript/interfaces/SnapshotManifest.md → interfaces/SnapshotManifest.mdx
Processed: .build/api-docs/typescript/interfaces/SnapshotStorage.md → interfaces/SnapshotStorage.mdx
Processed: .build/api-docs/typescript/interfaces/SnapshotTriggerParams.md → interfaces/SnapshotTriggerParams.mdx
Processed: .build/api-docs/typescript/interfaces/StreamOptions.md → interfaces/StreamOptions.mdx
Processed: .build/api-docs/typescript/interfaces/TasksConfig.md → interfaces/TasksConfig.mdx
Processed: .build/api-docs/typescript/interfaces/TextBlockData.md → interfaces/TextBlockData.mdx
Processed: .build/api-docs/typescript/interfaces/TextDelta.md → interfaces/TextDelta.mdx
Processed: .build/api-docs/typescript/interfaces/ToolContext.md → interfaces/ToolContext.mdx
Processed: .build/api-docs/typescript/interfaces/ToolResultBlockData.md → interfaces/ToolResultBlockData.mdx
Processed: .build/api-docs/typescript/interfaces/ToolSpec.md → interfaces/ToolSpec.mdx
Processed: .build/api-docs/typescript/interfaces/ToolStreamEvent.md → interfaces/ToolStreamEvent.mdx
Processed: .build/api-docs/typescript/interfaces/ToolStreamEventData.md → interfaces/ToolStreamEventData.mdx
Processed: .build/api-docs/typescript/interfaces/ToolUse.md → interfaces/ToolUse.mdx
Processed: .build/api-docs/typescript/interfaces/ToolUseBlockData.md → interfaces/ToolUseBlockData.mdx
Processed: .build/api-docs/typescript/interfaces/ToolUseInputDelta.md → interfaces/ToolUseInputDelta.mdx
Processed: .build/api-docs/typescript/interfaces/ToolUseStart.md → interfaces/ToolUseStart.mdx
Processed: .build/api-docs/typescript/interfaces/Usage.md → interfaces/Usage.mdx
Processed: .build/api-docs/typescript/interfaces/VideoBlockData.md → interfaces/VideoBlockData.mdx
Processed: .build/api-docs/typescript/interfaces/ZodToolConfig.md → interfaces/ZodToolConfig.mdx
Processed: .build/api-docs/typescript/type-aliases/AgentConfig.md → type-aliases/AgentConfig.mdx
Processed: .build/api-docs/typescript/type-aliases/AgentStreamEvent.md → type-aliases/AgentStreamEvent.mdx
Processed: .build/api-docs/typescript/type-aliases/CitationGeneratedContent.md → type-aliases/CitationGeneratedContent.mdx
Processed: .build/api-docs/typescript/type-aliases/CitationLocation.md → type-aliases/CitationLocation.mdx
Processed: .build/api-docs/typescript/type-aliases/CitationSourceContent.md → type-aliases/CitationSourceContent.mdx
Processed: .build/api-docs/typescript/type-aliases/ContentBlock.md → type-aliases/ContentBlock.mdx
Processed: .build/api-docs/typescript/type-aliases/ContentBlockData.md → type-aliases/ContentBlockData.mdx
Processed: .build/api-docs/typescript/type-aliases/ContentBlockDelta.md → type-aliases/ContentBlockDelta.mdx
Processed: .build/api-docs/typescript/type-aliases/ContentBlockStart.md → type-aliases/ContentBlockStart.mdx
Processed: .build/api-docs/typescript/type-aliases/DocumentContentBlock.md → type-aliases/DocumentContentBlock.mdx
Processed: .build/api-docs/typescript/type-aliases/DocumentContentBlockData.md → type-aliases/DocumentContentBlockData.mdx
Processed: .build/api-docs/typescript/type-aliases/DocumentFormat.md → type-aliases/DocumentFormat.mdx
Processed: .build/api-docs/typescript/type-aliases/DocumentSource.md → type-aliases/DocumentSource.mdx
Processed: .build/api-docs/typescript/type-aliases/DocumentSourceData.md → type-aliases/DocumentSourceData.mdx
Processed: .build/api-docs/typescript/type-aliases/FunctionToolCallback.md → type-aliases/FunctionToolCallback.mdx
Processed: .build/api-docs/typescript/type-aliases/GuardImageFormat.md → type-aliases/GuardImageFormat.mdx
Processed: .build/api-docs/typescript/type-aliases/GuardImageSource.md → type-aliases/GuardImageSource.mdx
Processed: .build/api-docs/typescript/type-aliases/GuardQualifier.md → type-aliases/GuardQualifier.mdx
Processed: .build/api-docs/typescript/type-aliases/HookCallback.md → type-aliases/HookCallback.mdx
Processed: .build/api-docs/typescript/type-aliases/HookableEventConstructor.md → type-aliases/HookableEventConstructor.mdx
Processed: .build/api-docs/typescript/type-aliases/ImageFormat.md → type-aliases/ImageFormat.mdx
Processed: .build/api-docs/typescript/type-aliases/ImageSource.md → type-aliases/ImageSource.mdx
Processed: .build/api-docs/typescript/type-aliases/ImageSourceData.md → type-aliases/ImageSourceData.mdx
Processed: .build/api-docs/typescript/type-aliases/JSONSchema.md → type-aliases/JSONSchema.mdx
Processed: .build/api-docs/typescript/type-aliases/JSONValue.md → type-aliases/JSONValue.mdx
Processed: .build/api-docs/typescript/type-aliases/McpClientConfig.md → type-aliases/McpClientConfig.mdx
Processed: .build/api-docs/typescript/type-aliases/ModelStreamEvent.md → type-aliases/ModelStreamEvent.mdx
Processed: .build/api-docs/typescript/type-aliases/Role.md → type-aliases/Role.mdx
Processed: .build/api-docs/typescript/type-aliases/S3StorageConfig.md → type-aliases/S3StorageConfig.mdx
Processed: .build/api-docs/typescript/type-aliases/SaveLatestStrategy.md → type-aliases/SaveLatestStrategy.mdx
Processed: .build/api-docs/typescript/type-aliases/Scope.md → type-aliases/Scope.mdx
Processed: .build/api-docs/typescript/type-aliases/SessionStorage.md → type-aliases/SessionStorage.mdx
Processed: .build/api-docs/typescript/type-aliases/SlidingWindowConversationManagerConfig.md → type-aliases/SlidingWindowConversationManagerConfig.mdx
Processed: .build/api-docs/typescript/type-aliases/SnapshotLocation.md → type-aliases/SnapshotLocation.mdx
Processed: .build/api-docs/typescript/type-aliases/SnapshotTriggerCallback.md → type-aliases/SnapshotTriggerCallback.mdx
Processed: .build/api-docs/typescript/type-aliases/StopReason.md → type-aliases/StopReason.mdx
Processed: .build/api-docs/typescript/type-aliases/SystemContentBlock.md → type-aliases/SystemContentBlock.mdx
Processed: .build/api-docs/typescript/type-aliases/SystemPrompt.md → type-aliases/SystemPrompt.mdx
Processed: .build/api-docs/typescript/type-aliases/SystemPromptData.md → type-aliases/SystemPromptData.mdx
Processed: .build/api-docs/typescript/type-aliases/ToolChoice.md → type-aliases/ToolChoice.mdx
Processed: .build/api-docs/typescript/type-aliases/ToolList.md → type-aliases/ToolList.mdx
Processed: .build/api-docs/typescript/type-aliases/ToolResultContent.md → type-aliases/ToolResultContent.mdx
Processed: .build/api-docs/typescript/type-aliases/ToolResultStatus.md → type-aliases/ToolResultStatus.mdx
Processed: .build/api-docs/typescript/type-aliases/ToolStreamGenerator.md → type-aliases/ToolStreamGenerator.mdx
Processed: .build/api-docs/typescript/type-aliases/VideoFormat.md → type-aliases/VideoFormat.mdx
Processed: .build/api-docs/typescript/type-aliases/VideoSource.md → type-aliases/VideoSource.mdx
Processed: .build/api-docs/typescript/type-aliases/VideoSourceData.md → type-aliases/VideoSourceData.mdx

✅ Done! Generated 174 API doc files.
[sdk-setup] SDK setup complete.
[2m14:16:38[22m [34m[content][39m Syncing content
[2m14:16:38[22m [34m[content][39m Synced content
[2m14:16:38[22m [34m[types][39m Generated [2m15.00s[22m
[2m14:16:38[22m [34m[build][39m output: [34m"static"[39m
[2m14:16:38[22m [34m[build][39m mode: [34m"static"[39m
[2m14:16:38[22m [34m[build][39m directory: [34m/home/runner/work/docs/docs/dist/[39m
[2m14:16:38[22m [34m[build][39m Collecting build info...
[2m14:16:38[22m [34m[build][39m [32m✓ Completed in 15.25s.[39m
[2m14:16:38[22m [34m[build][39m Building static entrypoints...
[33m[1m14:16:48[22m [WARN] [astro-expressive-code][39m Error while highlighting code block using language "Python" in document "/home/runner/work/docs/docs/.build/api-docs/python/strands.types.interrupt.mdx". The language could not be found. Using "txt" instead. Ensure that all required languages are either part of the bundle or custom languages provided in the "langs" config option.
[2m14:17:19[22m [34m[vite][39m [32m✓ built in 40.58s[39m
[2m14:17:19[22m [34m[build][39m [32m✓ Completed in 40.62s.[39m

[42m[30m building client (vite) [39m[49m
[2m14:17:19[22m [34m[vite][39m transforming...
[2m14:17:19[22m [34m[vite][39m [32m✓[39m 24 modules transformed.
[2m14:17:19[22m [34m[vite][39m rendering chunks...
[2m14:17:19[22m [34m[vite][39m computing gzip size...
[2m14:17:19[22m [34m[vite][39m [2mdist/[22m[2m_astro/[22m[32mec.0vx5m.js                                                             [39m[1m[2m 2.52 kB[22m[1m[22m
[2m14:17:19[22m [34m[vite][39m [2mdist/[22m[2m_astro/[22m[35mec.lgrc4.css                                                            [39m[1m[2m18.28 kB[22m[1m[22m[2m │ gzip:  4.11 kB[22m
[2m14:17:19[22m [34m[vite][39m [2mdist/[22m[2m_astro/[22m[36mHead.astro_astro_type_script_index_0_lang.D2emO6ou.js                   [39m[1m[2m 0.44 kB[22m[1m[22m[2m │ gzip:  0.31 kB[22m
[2m14:17:19[22m [34m[vite][39m [2mdist/[22m[2m_astro/[22m[36mMobileTableOfContents.astro_astro_type_script_index_0_lang.hwBsy0Mo.js  [39m[1m[2m 0.67 kB[22m[1m[22m[2m │ gzip:  0.40 kB[22m
[2m14:17:19[22m [34m[vite][39m [2mdist/[22m[2m_astro/[22m[36mTableOfContents.astro_astro_type_script_index_0_lang.FuRcXuRY.js        [39m[1m[2m 2.06 kB[22m[1m[22m[2m │ gzip:  0.97 kB[22m
[2m14:17:19[22m [34m[vite][39m [2mdist/[22m[2m_astro/[22m[36mpage.B1D-nYk3.js                                                        [39m[1m[2m 2.24 kB[22m[1m[22m[2m │ gzip:  1.01 kB[22m
[2m14:17:19[22m [34m[vite][39m [2mdist/[22m[2m_astro/[22m[36mSearch.astro_astro_type_script_index_0_lang.cjYDvRdi.js                 [39m[1m[2m 2.69 kB[22m[1m[22m[2m │ gzip:  1.38 kB[22m
[2m14:17:19[22m [34m[vite][39m [2mdist/[22m[2m_astro/[22m[36mui-core.D_Lfcn_I.js                                                     [39m[1m[2m72.93 kB[22m[1m[22m[2m │ gzip: 22.86 kB[22m
[2m14:17:19[22m [34m[vite][39m [32m✓ built in 268ms[39m

[42m[30m generating static routes [39m[49m
[2m14:17:19[22m [32m▶[39m @astrojs/starlight/routes/static/404.astro
[2m14:17:19[22m   [34m└─[39m [2m/404.html[22m [2m(+38ms)[22m 
[2m14:17:19[22m [32m▶[39m src/pages/blog/authors/[author].astro
[2m14:17:19[22m   [34m├─[39m [2m/blog/authors/alessandro-achille/index.html[22m [2m(+150ms)[22m 
[2m14:17:19[22m   [34m├─[39m [2m/blog/authors/andrew-shamiya/index.html[22m [2m(+23ms)[22m 
[2m14:17:19[22m   [34m├─[39m [2m/blog/authors/arron-bailiss/index.html[22m [2m(+26ms)[22m 
[2m14:17:20[22m   [34m├─[39m [2m/blog/authors/belle-guttman/index.html[22m [2m(+19ms)[22m 
[2m14:17:20[22m   [34m├─[39m [2m/blog/authors/clare-liguori/index.html[22m [2m(+12ms)[22m 
[2m14:17:20[22m   [34m├─[39m [2m/blog/authors/joy-chakraborty/index.html[22m [2m(+11ms)[22m 
[2m14:17:20[22m   [34m├─[39m [2m/blog/authors/ryan-coleman/index.html[22m [2m(+11ms)[22m 
[2m14:17:20[22m   [34m└─[39m [2m/blog/authors/strands-team/index.html[22m [2m(+12ms)[22m 
[2m14:17:20[22m [35mλ[39m src/pages/blog/feed/[tag].xml.ts
[2m14:17:20[22m   [34m├─[39m [2m/blog/feed/announcement.xml[22m [2m(+6ms)[22m 
[2m14:17:20[22m   [34m└─[39m [2m/blog/feed/open-source.xml[22m [2m(+2ms)[22m 
[2m14:17:20[22m [35mλ[39m src/pages/blog/feed.xml.ts
[2m14:17:20[22m   [34m└─[39m [2m/blog/feed.xml[22m [2m(+2ms)[22m 
[2m14:17:20[22m [35mλ[39m src/pages/blog/og/[slug].png.ts
[2m14:17:20[22m   [34m├─[39m [2m/blog/og/introducing-strands-agents.png[22m[astro-og-canvas] Loading https://api.fontsource.org/v1/fonts/noto-sans/latin-400-normal.ttf
[astro-og-canvas] Loaded 1 font families:
Noto Sans
 [2m(+406ms)[22m 
[2m14:17:20[22m   [34m└─[39m [2m/blog/og/introducing-strands-labs.png[22m [2m(+76ms)[22m 
[2m14:17:20[22m [32m▶[39m src/pages/blog/tags/[tag].astro
[2m14:17:20[22m   [34m├─[39m [2m/blog/tags/announcement/index.html[22m [2m(+25ms)[22m 
[2m14:17:20[22m   [34m└─[39m [2m/blog/tags/open-source/index.html[22m [2m(+14ms)[22m 
[2m14:17:20[22m [35mλ[39m src/pages/blog/[slug]/index.md.ts
[2m14:17:20[22m   [34m├─[39m [2m/blog/introducing-strands-agents/index.md[22m [2m(+127ms)[22m 
[2m14:17:20[22m   [34m└─[39m [2m/blog/introducing-strands-labs/index.md[22m [2m(+81ms)[22m 
[2m14:17:20[22m [32m▶[39m src/pages/blog/[slug].astro
[2m14:17:20[22m   [34m├─[39m [2m/blog/introducing-strands-labs/index.html[22m [2m(+65ms)[22m 
[2m14:17:20[22m   [34m└─[39m [2m/blog/introducing-strands-agents/index.html[22m [2m(+91ms)[22m 
[2m14:17:21[22m [32m▶[39m src/pages/blog/index.astro
[2m14:17:21[22m   [34m└─[39m [2m/blog/index.html[22m [2m(+9ms)[22m 
[2m14:17:21[22m [35mλ[39m src/pages/llms-full.txt.ts
[2m14:17:21[22m   [34m└─[39m [2m/llms-full.txt[22m [31m(+15.98s)[39m 
[2m14:17:37[22m [35mλ[39m src/pages/llms.txt.ts
[2m14:17:37[22m   [34m└─[39m [2m/llms.txt[22m [2m(+33ms)[22m 
[2m14:17:37[22m [35mλ[39m src/pages/[...slug]/index.md.ts
[2m14:17:37[22m   [34m├─[39m [2m/404/index.md[22m [2m(+4ms)[22m 
[2m14:17:37[22m   [34m├─[39m [2m/docs/index.md[22m [2m(+76ms)[22m 
[2m14:17:37[22m   [34m├─[39m [2m/docs/llms/index.md[22m [2m(+23ms)[22m 
[2m14:17:37[22m   [34m├─[39m [2m/docs/community/community-packages/index.md[22m [2m(+74ms)[22m 
[2m14:17:37[22m   [34m├─[39m [2m/docs/community/get-featured/index.md[22m [2m(+56ms)[22m 
[2m14:17:37[22m   [34m├─[39m [2m/docs/contribute/index.md[22m [2m(+54ms)[22m 
[2m14:17:37[22m   [34m├─[39m [2m/docs/examples/index.md[22m [2m(+92ms)[22m 
[2m14:17:37[22m   [34m├─[39m [2m/docs/labs/ai-functions/index.md[22m [2m(+92ms)[22m 
[2m14:17:37[22m   [34m├─[39m [2m/docs/labs/robots-sim/index.md[22m [2m(+101ms)[22m 
[2m14:17:37[22m   [34m├─[39m [2m/docs/labs/index.md[22m [2m(+41ms)[22m 
[2m14:17:37[22m   [34m├─[39m [2m/docs/labs/robots/index.md[22m [2m(+112ms)[22m 
[2m14:17:37[22m   [34m├─[39m [2m/docs/user-guide/quickstart/index.md[22m [2m(+269ms)[22m 
[2m14:17:38[22m   [34m├─[39m [2m/docs/user-guide/versioning-and-support/index.md[22m [2m(+127ms)[22m 
[2m14:17:38[22m   [34m├─[39m [2m/docs/api/typescript/index.md[22m [2m(+14ms)[22m 
[2m14:17:38[22m   [34m├─[39m [2m/docs/api/python/index.md[22m [2m(+14ms)[22m 
[2m14:17:38[22m   [34m├─[39m [2m/docs/community/integrations/ag-ui/index.md[22m [2m(+101ms)[22m 
[2m14:17:38[22m   [34m├─[39m [2m/docs/community/session-managers/agentcore-memory/index.md[22m [2m(+117ms)[22m 
[2m14:17:38[22m   [34m├─[39m [2m/docs/community/session-managers/strands-valkey-session-manager/index.md[22m [2m(+62ms)[22m 
[2m14:17:38[22m   [34m├─[39m [2m/docs/community/model-providers/cohere/index.md[22m [2m(+70ms)[22m 
[2m14:17:38[22m   [34m├─[39m [2m/docs/community/model-providers/clova-studio/index.md[22m [2m(+65ms)[22m 
[2m14:17:38[22m   [34m├─[39m [2m/docs/community/model-providers/fireworksai/index.md[22m [2m(+74ms)[22m 
[2m14:17:38[22m   [34m├─[39m [2m/docs/community/model-providers/mlx/index.md[22m [2m(+84ms)[22m 
[2m14:17:38[22m   [34m├─[39m [2m/docs/community/model-providers/nebius-token-factory/index.md[22m [2m(+76ms)[22m 
[2m14:17:38[22m   [34m├─[39m [2m/docs/community/model-providers/nvidia-nim/index.md[22m [2m(+76ms)[22m 
[2m14:17:38[22m   [34m├─[39m [2m/docs/community/model-providers/sglang/index.md[22m [2m(+100ms)[22m 
[2m14:17:39[22m   [34m├─[39m [2m/docs/community/model-providers/xai/index.md[22m [2m(+90ms)[22m 
[2m14:17:39[22m   [34m├─[39m [2m/docs/community/model-providers/vllm/index.md[22m [2m(+128ms)[22m 
[2m14:17:39[22m   [34m├─[39m [2m/docs/community/tools/strands-deepgram/index.md[22m [2m(+55ms)[22m 
[2m14:17:39[22m   [34m├─[39m [2m/docs/community/tools/strands-hubspot/index.md[22m [2m(+53ms)[22m 
[2m14:17:39[22m   [34m├─[39m [2m/docs/community/tools/strands-teams/index.md[22m [2m(+46ms)[22m 
[2m14:17:39[22m   [34m├─[39m [2m/docs/community/tools/strands-telegram-listener/index.md[22m [2m(+50ms)[22m 
[2m14:17:39[22m   [34m├─[39m [2m/docs/community/tools/strands-telegram/index.md[22m [2m(+51ms)[22m 
[2m14:17:39[22m   [34m├─[39m [2m/docs/community/tools/utcp/index.md[22m [2m(+39ms)[22m 
[2m14:17:39[22m   [34m├─[39m [2m/docs/contribute/contributing/core-sdk/index.md[22m [2m(+85ms)[22m 
[2m14:17:39[22m   [34m├─[39m [2m/docs/contribute/contributing/documentation/index.md[22m [2m(+48ms)[22m 
[2m14:17:39[22m   [34m├─[39m [2m/docs/contribute/contributing/extensions/index.md[22m [2m(+43ms)[22m 
[2m14:17:39[22m   [34m├─[39m [2m/docs/contribute/contributing/feature-proposals/index.md[22m [2m(+35ms)[22m 
[2m14:17:39[22m   [34m├─[39m [2m/docs/examples/python/cli-reference-agent/index.md[22m [2m(+66ms)[22m 
[2m14:17:39[22m   [34m├─[39m [2m/docs/examples/python/agents_workflows/index.md[22m [2m(+61ms)[22m 
[2m14:17:39[22m   [34m├─[39m [2m/docs/examples/python/file_operations/index.md[22m [2m(+70ms)[22m 
[2m14:17:39[22m   [34m├─[39m [2m/docs/examples/python/graph_loops_example/index.md[22m [2m(+76ms)[22m 
[2m14:17:40[22m   [34m├─[39m [2m/docs/examples/python/mcp_calculator/index.md[22m [2m(+59ms)[22m 
[2m14:17:40[22m   [34m├─[39m [2m/docs/examples/python/knowledge_base_agent/index.md[22m [2m(+59ms)[22m 
[2m14:17:40[22m   [34m├─[39m [2m/docs/examples/python/memory_agent/index.md[22m [2m(+72ms)[22m 
[2m14:17:40[22m   [34m├─[39m [2m/docs/examples/python/multimodal/index.md[22m [2m(+74ms)[22m 
[2m14:17:40[22m   [34m├─[39m [2m/docs/examples/python/meta_tooling/index.md[22m [2m(+62ms)[22m 
[2m14:17:40[22m   [34m├─[39m [2m/docs/examples/python/structured_output/index.md[22m [2m(+52ms)[22m 
[2m14:17:40[22m   [34m├─[39m [2m/docs/examples/python/weather_forecaster/index.md[22m [2m(+69ms)[22m 
[2m14:17:40[22m   [34m├─[39m [2m/docs/user-guide/concepts/interrupts/index.md[22m [2m(+133ms)[22m 
[2m14:17:40[22m   [34m├─[39m [2m/docs/user-guide/deploy/deploy_to_amazon_ec2/index.md[22m [2m(+88ms)[22m 
[2m14:17:40[22m   [34m├─[39m [2m/docs/user-guide/deploy/deploy_to_aws_apprunner/index.md[22m [2m(+99ms)[22m 
[2m14:17:40[22m   [34m├─[39m [2m/docs/user-guide/deploy/deploy_to_amazon_eks/index.md[22m [2m(+90ms)[22m 
[2m14:17:40[22m   [34m├─[39m [2m/docs/user-guide/deploy/deploy_to_aws_fargate/index.md[22m [2m(+103ms)[22m 
[2m14:17:41[22m   [34m├─[39m [2m/docs/user-guide/deploy/deploy_to_aws_lambda/index.md[22m [2m(+128ms)[22m 
[2m14:17:41[22m   [34m├─[39m [2m/docs/user-guide/deploy/deploy_to_kubernetes/index.md[22m [2m(+110ms)[22m 
[2m14:17:41[22m   [34m├─[39m [2m/docs/user-guide/deploy/deploy_to_terraform/index.md[22m [2m(+306ms)[22m 
[2m14:17:41[22m   [34m├─[39m [2m/docs/user-guide/deploy/operating-agents-in-production/index.md[22m [2m(+143ms)[22m 
[2m14:17:41[22m   [34m├─[39m [2m/docs/user-guide/evals-sdk/eval-sop/index.md[22m [2m(+272ms)[22m 
[2m14:17:41[22m   [34m├─[39m [2m/docs/user-guide/evals-sdk/experiment_generator/index.md[22m [2m(+195ms)[22m 
[2m14:17:42[22m   [34m├─[39m [2m/docs/user-guide/evals-sdk/quickstart/index.md[22m [2m(+127ms)[22m 
[2m14:17:42[22m   [34m├─[39m [2m/docs/user-guide/observability-evaluation/evaluation/index.md[22m [2m(+83ms)[22m 
[2m14:17:42[22m   [34m├─[39m [2m/docs/user-guide/observability-evaluation/metrics/index.md[22m [2m(+92ms)[22m 
[2m14:17:42[22m   [34m├─[39m [2m/docs/user-guide/observability-evaluation/logs/index.md[22m [2m(+70ms)[22m 
[2m14:17:42[22m   [34m├─[39m [2m/docs/user-guide/quickstart/overview/index.md[22m [2m(+13ms)[22m 
[2m14:17:42[22m   [34m├─[39m [2m/docs/user-guide/observability-evaluation/observability/index.md[22m [2m(+51ms)[22m 
[2m14:17:42[22m   [34m├─[39m [2m/docs/user-guide/quickstart/python/index.md[22m [2m(+241ms)[22m 
[2m14:17:42[22m   [34m├─[39m [2m/docs/user-guide/quickstart/typescript/index.md[22m [2m(+109ms)[22m 
[2m14:17:42[22m   [34m├─[39m [2m/docs/user-guide/safety-security/guardrails/index.md[22m [2m(+52ms)[22m 
[2m14:17:43[22m   [34m├─[39m [2m/docs/user-guide/safety-security/pii-redaction/index.md[22m [2m(+87ms)[22m 
[2m14:17:43[22m   [34m├─[39m [2m/docs/user-guide/observability-evaluation/traces/index.md[22m [2m(+144ms)[22m 
[2m14:17:43[22m   [34m├─[39m [2m/docs/user-guide/safety-security/prompt-engineering/index.md[22m [2m(+40ms)[22m 
[2m14:17:43[22m   [34m├─[39m [2m/docs/user-guide/safety-security/responsible-ai/index.md[22m [2m(+37ms)[22m 
[2m14:17:43[22m   [34m├─[39m [2m/docs/user-guide/concepts/bidirectional-streaming/agent/index.md[22m [2m(+166ms)[22m 
[2m14:17:43[22m   [34m├─[39m [2m/docs/examples/python/multi_agent_example/multi_agent_example/index.md[22m [2m(+73ms)[22m 
[2m14:17:43[22m   [34m├─[39m [2m/docs/user-guide/concepts/bidirectional-streaming/events/index.md[22m [2m(+157ms)[22m 
[2m14:17:43[22m   [34m├─[39m [2m/docs/user-guide/concepts/bidirectional-streaming/interruption/index.md[22m [2m(+52ms)[22m 
[2m14:17:43[22m   [34m├─[39m [2m/docs/user-guide/concepts/bidirectional-streaming/io/index.md[22m [2m(+54ms)[22m 
[2m14:17:43[22m   [34m├─[39m [2m/docs/user-guide/concepts/bidirectional-streaming/hooks/index.md[22m [2m(+97ms)[22m 
[2m14:17:43[22m   [34m├─[39m [2m/docs/user-guide/concepts/bidirectional-streaming/quickstart/index.md[22m [2m(+154ms)[22m 
[2m14:17:44[22m   [34m├─[39m [2m/docs/user-guide/concepts/bidirectional-streaming/session-management/index.md[22m [2m(+82ms)[22m 
[2m14:17:44[22m   [34m├─[39m [2m/docs/user-guide/concepts/agents/agent-loop/index.md[22m [2m(+64ms)[22m 
[2m14:17:44[22m   [34m├─[39m [2m/docs/user-guide/concepts/agents/conversation-management/index.md[22m [2m(+93ms)[22m 
[2m14:17:44[22m   [34m├─[39m [2m/docs/user-guide/concepts/agents/prompts/index.md[22m [2m(+61ms)[22m 
[2m14:17:44[22m   [34m├─[39m [2m/docs/user-guide/concepts/agents/hooks/index.md[22m [2m(+316ms)[22m 
[2m14:17:44[22m   [34m├─[39m [2m/docs/user-guide/concepts/agents/session-management/index.md[22m [2m(+119ms)[22m 
[2m14:17:44[22m   [34m├─[39m [2m/docs/user-guide/concepts/agents/state/index.md[22m [2m(+105ms)[22m 
[2m14:17:44[22m   [34m├─[39m [2m/docs/user-guide/concepts/agents/structured-output/index.md[22m [2m(+184ms)[22m 
[2m14:17:45[22m   [34m├─[39m [2m/docs/user-guide/concepts/agents/retry-strategies/index.md[22m [2m(+40ms)[22m 
[2m14:17:45[22m   [34m├─[39m [2m/docs/user-guide/concepts/experimental/agent-config/index.md[22m [2m(+64ms)[22m 
[2m14:17:45[22m   [34m├─[39m [2m/docs/user-guide/concepts/model-providers/amazon-bedrock/index.md[22m [2m(+341ms)[22m 
[2m14:17:45[22m   [34m├─[39m [2m/docs/user-guide/concepts/model-providers/amazon-nova/index.md[22m [2m(+51ms)[22m 
[2m14:17:45[22m   [34m├─[39m [2m/docs/user-guide/concepts/model-providers/anthropic/index.md[22m [2m(+76ms)[22m 
[2m14:17:45[22m   [34m├─[39m [2m/docs/user-guide/concepts/model-providers/clova-studio/index.md[22m [2m(+8ms)[22m 
[2m14:17:45[22m   [34m├─[39m [2m/docs/user-guide/concepts/model-providers/cohere/index.md[22m [2m(+6ms)[22m 
[2m14:17:45[22m   [34m├─[39m [2m/docs/user-guide/concepts/model-providers/custom_model_provider/index.md[22m [2m(+265ms)[22m 
[2m14:17:45[22m   [34m├─[39m [2m/docs/user-guide/concepts/model-providers/fireworksai/index.md[22m [2m(+6ms)[22m 
[2m14:17:45[22m   [34m├─[39m [2m/docs/user-guide/concepts/model-providers/gemini/index.md[22m [2m(+193ms)[22m 
[2m14:17:46[22m   [34m├─[39m [2m/docs/user-guide/concepts/model-providers/index.md[22m [2m(+122ms)[22m 
[2m14:17:46[22m   [34m├─[39m [2m/docs/user-guide/concepts/model-providers/litellm/index.md[22m [2m(+93ms)[22m 
[2m14:17:46[22m   [34m├─[39m [2m/docs/user-guide/concepts/model-providers/llamaapi/index.md[22m [2m(+85ms)[22m 
[2m14:17:46[22m   [34m├─[39m [2m/docs/user-guide/concepts/model-providers/llamacpp/index.md[22m [2m(+96ms)[22m 
[2m14:17:46[22m   [34m├─[39m [2m/docs/user-guide/concepts/model-providers/mistral/index.md[22m [2m(+61ms)[22m 
[2m14:17:46[22m   [34m├─[39m [2m/docs/user-guide/concepts/model-providers/nebius-token-factory/index.md[22m [2m(+8ms)[22m 
[2m14:17:46[22m   [34m├─[39m [2m/docs/user-guide/concepts/model-providers/ollama/index.md[22m [2m(+114ms)[22m 
[2m14:17:46[22m   [34m├─[39m [2m/docs/user-guide/concepts/model-providers/openai/index.md[22m [2m(+125ms)[22m 
[2m14:17:46[22m   [34m├─[39m [2m/docs/user-guide/concepts/model-providers/sagemaker/index.md[22m [2m(+81ms)[22m 
[2m14:17:46[22m   [34m├─[39m [2m/docs/user-guide/concepts/model-providers/xai/index.md[22m [2m(+6ms)[22m 
[2m14:17:46[22m   [34m├─[39m [2m/docs/user-guide/concepts/model-providers/writer/index.md[22m [2m(+155ms)[22m 
[2m14:17:47[22m   [34m├─[39m [2m/docs/user-guide/concepts/plugins/index.md[22m [2m(+140ms)[22m 
[2m14:17:47[22m   [34m├─[39m [2m/docs/user-guide/concepts/plugins/steering/index.md[22m [2m(+60ms)[22m 
[2m14:17:47[22m   [34m├─[39m [2m/docs/user-guide/concepts/multi-agent/agent-to-agent/index.md[22m [2m(+191ms)[22m 
[2m14:17:47[22m   [34m├─[39m [2m/docs/user-guide/concepts/multi-agent/agents-as-tools/index.md[22m [2m(+61ms)[22m 
[2m14:17:47[22m   [34m├─[39m [2m/docs/user-guide/concepts/multi-agent/graph/index.md[22m [2m(+211ms)[22m 
[2m14:17:47[22m   [34m├─[39m [2m/docs/user-guide/concepts/multi-agent/multi-agent-patterns/index.md[22m [2m(+90ms)[22m 
[2m14:17:47[22m   [34m├─[39m [2m/docs/user-guide/concepts/multi-agent/swarm/index.md[22m [2m(+103ms)[22m 
[2m14:17:47[22m   [34m├─[39m [2m/docs/user-guide/concepts/multi-agent/workflow/index.md[22m [2m(+93ms)[22m 
[2m14:17:48[22m   [34m├─[39m [2m/docs/user-guide/concepts/streaming/async-iterators/index.md[22m [2m(+99ms)[22m 
[2m14:17:48[22m   [34m├─[39m [2m/docs/user-guide/concepts/streaming/callback-handlers/index.md[22m [2m(+61ms)[22m 
[2m14:17:48[22m   [34m├─[39m [2m/docs/user-guide/concepts/streaming/index.md[22m [2m(+151ms)[22m 
[2m14:17:48[22m   [34m├─[39m [2m/docs/user-guide/concepts/tools/community-tools-package/index.md[22m [2m(+199ms)[22m 
[2m14:17:48[22m   [34m├─[39m [2m/docs/user-guide/concepts/tools/custom-tools/index.md[22m [2m(+292ms)[22m 
[2m14:17:48[22m   [34m├─[39m [2m/docs/user-guide/concepts/tools/executors/index.md[22m [2m(+30ms)[22m 
[2m14:17:48[22m   [34m├─[39m [2m/docs/user-guide/concepts/tools/index.md[22m [2m(+170ms)[22m 
[2m14:17:49[22m   [34m├─[39m [2m/docs/user-guide/concepts/tools/mcp-tools/index.md[22m [2m(+182ms)[22m 
[2m14:17:49[22m   [34m├─[39m [2m/docs/user-guide/deploy/deploy_to_bedrock_agentcore/index.md[22m [2m(+37ms)[22m 
[2m14:17:49[22m   [34m├─[39m [2m/docs/user-guide/deploy/deploy_to_bedrock_agentcore/python/index.md[22m [2m(+194ms)[22m 
[2m14:17:49[22m   [34m├─[39m [2m/docs/user-guide/deploy/deploy_to_bedrock_agentcore/typescript/index.md[22m [2m(+196ms)[22m 
[2m14:17:49[22m   [34m├─[39m [2m/docs/user-guide/deploy/deploy_to_docker/index.md[22m [2m(+29ms)[22m 
[2m14:17:49[22m   [34m├─[39m [2m/docs/user-guide/deploy/deploy_to_docker/python/index.md[22m [2m(+119ms)[22m 
[2m14:17:49[22m   [34m├─[39m [2m/docs/user-guide/deploy/deploy_to_docker/typescript/index.md[22m [2m(+124ms)[22m 
[2m14:17:49[22m   [34m├─[39m [2m/docs/user-guide/evals-sdk/evaluators/custom_evaluator/index.md[22m [2m(+98ms)[22m 
[2m14:17:50[22m   [34m├─[39m [2m/docs/user-guide/evals-sdk/evaluators/goal_success_rate_evaluator/index.md[22m [2m(+141ms)[22m 
[2m14:17:50[22m   [34m├─[39m [2m/docs/user-guide/evals-sdk/evaluators/faithfulness_evaluator/index.md[22m [2m(+115ms)[22m 
[2m14:17:50[22m   [34m├─[39m [2m/docs/user-guide/evals-sdk/evaluators/helpfulness_evaluator/index.md[22m [2m(+136ms)[22m 
[2m14:17:50[22m   [34m├─[39m [2m/docs/user-guide/evals-sdk/evaluators/index.md[22m [2m(+266ms)[22m 
[2m14:17:50[22m   [34m├─[39m [2m/docs/user-guide/evals-sdk/evaluators/interactions_evaluator/index.md[22m [2m(+142ms)[22m 
[2m14:17:50[22m   [34m├─[39m [2m/docs/user-guide/evals-sdk/evaluators/output_evaluator/index.md[22m [2m(+70ms)[22m 
[2m14:17:50[22m   [34m├─[39m [2m/docs/user-guide/evals-sdk/evaluators/tool_parameter_evaluator/index.md[22m [2m(+85ms)[22m 
[2m14:17:50[22m   [34m├─[39m [2m/docs/user-guide/evals-sdk/evaluators/tool_selection_evaluator/index.md[22m [2m(+99ms)[22m 
[2m14:17:51[22m   [34m├─[39m [2m/docs/user-guide/evals-sdk/evaluators/trajectory_evaluator/index.md[22m [2m(+115ms)[22m 
[2m14:17:51[22m   [34m├─[39m [2m/docs/user-guide/evals-sdk/how-to/agentcore_evaluation_dashboard/index.md[22m [2m(+145ms)[22m 
[2m14:17:51[22m   [34m├─[39m [2m/docs/user-guide/evals-sdk/how-to/experiment_management/index.md[22m [2m(+76ms)[22m 
[2m14:17:51[22m   [34m├─[39m [2m/docs/user-guide/evals-sdk/how-to/serialization/index.md[22m [2m(+90ms)[22m 
[2m14:17:51[22m   [34m├─[39m [2m/docs/user-guide/evals-sdk/simulators/index.md[22m [2m(+104ms)[22m 
[2m14:17:51[22m   [34m├─[39m [2m/docs/user-guide/evals-sdk/simulators/user_simulation/index.md[22m [2m(+176ms)[22m 
[2m14:17:51[22m   [34m├─[39m [2m/docs/user-guide/concepts/bidirectional-streaming/models/gemini_live/index.md[22m [2m(+78ms)[22m 
[2m14:17:51[22m   [34m├─[39m [2m/docs/user-guide/concepts/bidirectional-streaming/models/openai_realtime/index.md[22m [2m(+71ms)[22m 
[2m14:17:51[22m   [34m├─[39m [2m/docs/user-guide/concepts/bidirectional-streaming/models/nova_sonic/index.md[22m [2m(+68ms)[22m 
[2m14:17:51[22m   [34m├─[39m [2m/docs/api/python/strands.agent.a2a_agent/index.md[22m [2m(+52ms)[22m 
[2m14:17:52[22m   [34m├─[39m [2m/docs/api/python/strands.agent.agent/index.md[22m [2m(+136ms)[22m 
[2m14:17:52[22m   [34m├─[39m [2m/docs/api/python/strands.agent.agent_result/index.md[22m [2m(+37ms)[22m 
[2m14:17:52[22m   [34m├─[39m [2m/docs/api/python/strands.agent.base/index.md[22m [2m(+34ms)[22m 
[2m14:17:52[22m   [34m├─[39m [2m/docs/api/python/strands.agent.conversation_manager.conversation_manager/index.md[22m [2m(+56ms)[22m 
[2m14:17:52[22m   [34m├─[39m [2m/docs/api/python/strands.agent.conversation_manager.null_conversation_manager/index.md[22m [2m(+27ms)[22m 
[2m14:17:52[22m   [34m├─[39m [2m/docs/api/python/strands.agent.conversation_manager.sliding_window_conversation_manager/index.md[22m [2m(+57ms)[22m 
[2m14:17:52[22m   [34m├─[39m [2m/docs/api/python/strands.agent.conversation_manager.summarizing_conversation_manager/index.md[22m [2m(+49ms)[22m 
[2m14:17:52[22m   [34m├─[39m [2m/docs/api/python/strands.event_loop.event_loop/index.md[22m [2m(+27ms)[22m 
[2m14:17:52[22m   [34m├─[39m [2m/docs/api/python/strands.event_loop.streaming/index.md[22m [2m(+83ms)[22m 
[2m14:17:52[22m   [34m├─[39m [2m/docs/api/python/strands.experimental.agent_config/index.md[22m [2m(+16ms)[22m 
[2m14:17:52[22m   [34m├─[39m [2m/docs/api/python/strands.experimental.bidi.agent.agent/index.md[22m [2m(+92ms)[22m 
[2m14:17:52[22m   [34m├─[39m [2m/docs/api/python/strands.experimental.bidi.agent.loop/index.md[22m [2m(+49ms)[22m 
[2m14:17:52[22m   [34m├─[39m [2m/docs/api/python/strands.experimental.bidi.io.audio/index.md[22m [2m(+146ms)[22m 
[2m14:17:52[22m   [34m├─[39m [2m/docs/api/python/strands.experimental.bidi.models.gemini_live/index.md[22m [2m(+51ms)[22m 
[2m14:17:52[22m   [34m├─[39m [2m/docs/api/python/strands.experimental.bidi.io.text/index.md[22m [2m(+67ms)[22m 
[2m14:17:52[22m   [34m├─[39m [2m/docs/api/python/strands.experimental.bidi/index.md[22m [2m(+12ms)[22m 
[2m14:17:52[22m   [34m├─[39m [2m/docs/api/python/strands.experimental.bidi.models/index.md[22m [2m(+12ms)[22m 
[2m14:17:53[22m   [34m├─[39m [2m/docs/api/python/strands.experimental.bidi.models.model/index.md[22m [2m(+56ms)[22m 
[2m14:17:53[22m   [34m├─[39m [2m/docs/api/python/strands.experimental.bidi.models.openai_realtime/index.md[22m [2m(+56ms)[22m 
[2m14:17:53[22m   [34m├─[39m [2m/docs/api/python/strands.experimental.bidi.models.nova_sonic/index.md[22m [2m(+50ms)[22m 
[2m14:17:53[22m   [34m├─[39m [2m/docs/api/python/strands.experimental.bidi.tools.stop_conversation/index.md[22m [2m(+13ms)[22m 
[2m14:17:53[22m   [34m├─[39m [2m/docs/api/python/strands.experimental.bidi.types.events/index.md[22m [2m(+449ms)[22m 
[2m14:17:53[22m   [34m├─[39m [2m/docs/api/python/strands.experimental.bidi.types.io/index.md[22m [2m(+61ms)[22m 
[2m14:17:53[22m   [34m├─[39m [2m/docs/api/python/strands.experimental.bidi.types.model/index.md[22m [2m(+12ms)[22m 
[2m14:17:53[22m   [34m├─[39m [2m/docs/api/python/strands.experimental.hooks.events/index.md[22m [2m(+90ms)[22m 
[2m14:17:53[22m   [34m├─[39m [2m/docs/api/python/strands.handlers.callback_handler/index.md[22m [2m(+52ms)[22m 
[2m14:17:53[22m   [34m├─[39m [2m/docs/api/python/strands.hooks.events/index.md[22m [2m(+133ms)[22m 
[2m14:17:53[22m   [34m├─[39m [2m/docs/api/python/strands.interrupt/index.md[22m [2m(+72ms)[22m 
[2m14:17:54[22m   [34m├─[39m [2m/docs/api/python/strands.models.anthropic/index.md[22m [2m(+83ms)[22m 
[2m14:17:54[22m   [34m├─[39m [2m/docs/api/python/strands.hooks.registry/index.md[22m [2m(+138ms)[22m 
[2m14:17:54[22m   [34m├─[39m [2m/docs/api/python/strands.models.bedrock/index.md[22m [2m(+63ms)[22m 
[2m14:17:54[22m   [34m├─[39m [2m/docs/api/python/strands.models.gemini/index.md[22m [2m(+82ms)[22m 
[2m14:17:54[22m   [34m├─[39m [2m/docs/api/python/strands.models.llamaapi/index.md[22m [2m(+78ms)[22m 
[2m14:17:54[22m   [34m├─[39m [2m/docs/api/python/strands.models.llamacpp/index.md[22m [2m(+82ms)[22m 
[2m14:17:54[22m   [34m├─[39m [2m/docs/api/python/strands.models.litellm/index.md[22m [2m(+95ms)[22m 
[2m14:17:54[22m   [34m├─[39m [2m/docs/api/python/strands.models/index.md[22m [2m(+13ms)[22m 
[2m14:17:54[22m   [34m├─[39m [2m/docs/api/python/strands.models.mistral/index.md[22m [2m(+79ms)[22m 
[2m14:17:54[22m   [34m├─[39m [2m/docs/api/python/strands.models.model/index.md[22m [2m(+52ms)[22m 
[2m14:17:54[22m   [34m├─[39m [2m/docs/api/python/strands.models.ollama/index.md[22m [2m(+78ms)[22m 
[2m14:17:54[22m   [34m├─[39m [2m/docs/api/python/strands.models.openai/index.md[22m [2m(+132ms)[22m 
[2m14:17:55[22m   [34m├─[39m [2m/docs/api/python/strands.models.openai_responses/index.md[22m [2m(+87ms)[22m 
[2m14:17:55[22m   [34m├─[39m [2m/docs/api/python/strands.models.sagemaker/index.md[22m [2m(+139ms)[22m 
[2m14:17:55[22m   [34m├─[39m [2m/docs/api/python/strands.models.writer/index.md[22m [2m(+77ms)[22m 
[2m14:17:55[22m   [34m├─[39m [2m/docs/api/python/strands.multiagent.a2a.executor/index.md[22m [2m(+40ms)[22m 
[2m14:17:55[22m   [34m├─[39m [2m/docs/api/python/strands.multiagent.base/index.md[22m [2m(+107ms)[22m 
[2m14:17:55[22m   [34m├─[39m [2m/docs/api/python/strands.multiagent.a2a.server/index.md[22m [2m(+73ms)[22m 
[2m14:17:55[22m   [34m├─[39m [2m/docs/api/python/strands.multiagent.graph/index.md[22m [2m(+228ms)[22m 
[2m14:17:55[22m   [34m├─[39m [2m/docs/api/python/strands.multiagent.swarm/index.md[22m [2m(+192ms)[22m 
[2m14:17:55[22m   [34m├─[39m [2m/docs/api/python/strands.plugins.decorator/index.md[22m [2m(+15ms)[22m 
[2m14:17:55[22m   [34m├─[39m [2m/docs/api/python/strands.plugins.registry/index.md[22m [2m(+30ms)[22m 
[2m14:17:56[22m   [34m├─[39m [2m/docs/api/python/strands.plugins.plugin/index.md[22m [2m(+59ms)[22m 
[2m14:17:56[22m   [34m├─[39m [2m/docs/api/python/strands.session.file_session_manager/index.md[22m [2m(+119ms)[22m 
[2m14:17:56[22m   [34m├─[39m [2m/docs/api/python/strands.session.repository_session_manager/index.md[22m [2m(+89ms)[22m 
[2m14:17:56[22m   [34m├─[39m [2m/docs/api/python/strands.session.s3_session_manager/index.md[22m [2m(+127ms)[22m 
[2m14:17:56[22m   [34m├─[39m [2m/docs/api/python/strands.session.session_manager/index.md[22m [2m(+88ms)[22m 
[2m14:17:56[22m   [34m├─[39m [2m/docs/api/python/strands.session.session_repository/index.md[22m [2m(+103ms)[22m 
[2m14:17:56[22m   [34m├─[39m [2m/docs/api/python/strands.telemetry.config/index.md[22m [2m(+52ms)[22m 
[2m14:17:56[22m   [34m├─[39m [2m/docs/api/python/strands.telemetry.metrics/index.md[22m [2m(+189ms)[22m 
[2m14:17:56[22m   [34m├─[39m [2m/docs/api/python/strands.telemetry.tracer/index.md[22m [2m(+147ms)[22m 
[2m14:17:56[22m   [34m├─[39m [2m/docs/api/python/strands.tools.executors.concurrent/index.md[22m [2m(+16ms)[22m 
[2m14:17:57[22m   [34m├─[39m [2m/docs/api/python/strands.tools.decorator/index.md[22m [2m(+149ms)[22m 
[2m14:17:57[22m   [34m├─[39m [2m/docs/api/python/strands.tools.loader/index.md[22m [2m(+74ms)[22m 
[2m14:17:57[22m   [34m├─[39m [2m/docs/api/python/strands.tools.mcp.mcp_agent_tool/index.md[22m [2m(+53ms)[22m 
[2m14:17:57[22m   [34m├─[39m [2m/docs/api/python/strands.tools.executors.sequential/index.md[22m [2m(+13ms)[22m 
[2m14:17:57[22m   [34m├─[39m [2m/docs/api/python/strands.tools.mcp.mcp_instrumentation/index.md[22m [2m(+137ms)[22m 
[2m14:17:57[22m   [34m├─[39m [2m/docs/api/python/strands.tools.mcp.mcp_client/index.md[22m [2m(+147ms)[22m 
[2m14:17:57[22m   [34m├─[39m [2m/docs/api/python/strands.tools.mcp.mcp_tasks/index.md[22m [2m(+16ms)[22m 
[2m14:17:57[22m   [34m├─[39m [2m/docs/api/python/strands.tools.mcp.mcp_types/index.md[22m [2m(+13ms)[22m 
[2m14:17:57[22m   [34m├─[39m [2m/docs/api/python/strands.tools.registry/index.md[22m [2m(+127ms)[22m 
[2m14:17:57[22m   [34m├─[39m [2m/docs/api/python/strands.tools.structured_output.structured_output_tool/index.md[22m [2m(+60ms)[22m 
[2m14:17:57[22m   [34m├─[39m [2m/docs/api/python/strands.tools.structured_output.structured_output_utils/index.md[22m [2m(+14ms)[22m 
[2m14:17:57[22m   [34m├─[39m [2m/docs/api/python/strands.tools.tool_provider/index.md[22m [2m(+37ms)[22m 
[2m14:17:57[22m   [34m├─[39m [2m/docs/api/python/strands.tools.tools/index.md[22m [2m(+105ms)[22m 
[2m14:17:57[22m   [34m├─[39m [2m/docs/api/python/strands.tools.watcher/index.md[22m [2m(+74ms)[22m 
[2m14:17:58[22m   [34m├─[39m [2m/docs/api/python/strands.types.a2a/index.md[22m [2m(+22ms)[22m 
[2m14:17:58[22m   [34m├─[39m [2m/docs/api/python/strands.types.agent/index.md[22m [2m(+13ms)[22m 
[2m14:17:58[22m   [34m├─[39m [2m/docs/api/python/strands.types.collections/index.md[22m [2m(+22ms)[22m 
[2m14:17:58[22m   [34m├─[39m [2m/docs/api/python/strands.types.citations/index.md[22m [2m(+86ms)[22m 
[2m14:17:58[22m   [34m├─[39m [2m/docs/api/python/strands.types.content/index.md[22m [2m(+122ms)[22m 
[2m14:17:58[22m   [34m├─[39m [2m/docs/api/python/strands.types.event_loop/index.md[22m [2m(+28ms)[22m 
[2m14:17:58[22m   [34m├─[39m [2m/docs/api/python/strands.types.exceptions/index.md[22m [2m(+106ms)[22m 
[2m14:17:58[22m   [34m├─[39m [2m/docs/api/python/strands.types.interrupt/index.md[22m [2m(+46ms)[22m 
[2m14:17:58[22m   [34m├─[39m [2m/docs/api/python/strands.types.guardrails/index.md[22m [2m(+135ms)[22m 
[2m14:17:58[22m   [34m├─[39m [2m/docs/api/python/strands.types.json_dict/index.md[22m [2m(+45ms)[22m 
[2m14:17:58[22m   [34m├─[39m [2m/docs/api/python/strands.types.media/index.md[22m [2m(+90ms)[22m 
[2m14:17:58[22m   [34m├─[39m [2m/docs/api/python/strands.types.streaming/index.md[22m [2m(+132ms)[22m 
[2m14:17:58[22m   [34m├─[39m [2m/docs/api/python/strands.types.tools/index.md[22m [2m(+220ms)[22m 
[2m14:17:59[22m   [34m├─[39m [2m/docs/api/python/strands.types.session/index.md[22m [2m(+267ms)[22m 
[2m14:17:59[22m   [34m├─[39m [2m/docs/api/python/strands.vended_plugins.skills.agent_skills/index.md[22m [2m(+74ms)[22m 
[2m14:17:59[22m   [34m├─[39m [2m/docs/api/python/strands.vended_plugins.skills.skill/index.md[22m [2m(+56ms)[22m 
[2m14:17:59[22m   [34m├─[39m [2m/docs/api/python/strands.vended_plugins.steering.context_providers.ledger_provider/index.md[22m [2m(+60ms)[22m 
[2m14:17:59[22m   [34m├─[39m [2m/docs/api/python/strands.vended_plugins.steering.core.action/index.md[22m [2m(+35ms)[22m 
[2m14:17:59[22m   [34m├─[39m [2m/docs/api/python/strands.vended_plugins.steering.core.context/index.md[22m [2m(+50ms)[22m 
[2m14:17:59[22m   [34m├─[39m [2m/docs/api/python/strands.vended_plugins.steering.core.handler/index.md[22m [2m(+61ms)[22m 
[2m14:17:59[22m   [34m├─[39m [2m/docs/api/python/strands.vended_plugins.steering.handlers.llm.llm_handler/index.md[22m [2m(+30ms)[22m 
[2m14:17:59[22m   [34m├─[39m [2m/docs/api/typescript/configureLogging/index.md[22m [2m(+25ms)[22m 
[2m14:17:59[22m   [34m├─[39m [2m/docs/api/python/strands.vended_plugins.steering.handlers.llm.mappers/index.md[22m [2m(+38ms)[22m 
[2m14:17:59[22m   [34m├─[39m [2m/docs/api/typescript/contentBlockFromData/index.md[22m [2m(+27ms)[22m 
[2m14:17:59[22m   [34m├─[39m [2m/docs/api/typescript/telemetry:getTracer/index.md[22m [2m(+19ms)[22m 
[2m14:17:59[22m   [34m├─[39m [2m/docs/api/typescript/isModelStreamEvent/index.md[22m [2m(+17ms)[22m 
[2m14:17:59[22m   [34m├─[39m [2m/docs/api/typescript/telemetry:setupTracer/index.md[22m [2m(+23ms)[22m 
[2m14:17:59[22m   [34m├─[39m [2m/docs/api/typescript/tool/index.md[22m [2m(+73ms)[22m 
[2m14:17:59[22m   [34m├─[39m [2m/docs/api/typescript/AfterInvocationEvent/index.md[22m [2m(+66ms)[22m 
[2m14:18:00[22m   [34m├─[39m [2m/docs/api/typescript/AfterModelCallEvent/index.md[22m [2m(+93ms)[22m 
[2m14:18:00[22m   [34m├─[39m [2m/docs/api/typescript/AfterToolCallEvent/index.md[22m [2m(+134ms)[22m 
[2m14:18:00[22m   [34m├─[39m [2m/docs/api/typescript/AfterToolsEvent/index.md[22m [2m(+81ms)[22m 
[2m14:18:00[22m   [34m├─[39m [2m/docs/api/typescript/Agent/index.md[22m [2m(+214ms)[22m 
[2m14:18:00[22m   [34m├─[39m [2m/docs/api/typescript/AgentMetrics/index.md[22m [2m(+181ms)[22m 
[2m14:18:00[22m   [34m├─[39m [2m/docs/api/typescript/AgentResult/index.md[22m [2m(+99ms)[22m 
[2m14:18:00[22m   [34m├─[39m [2m/docs/api/typescript/AgentResultEvent/index.md[22m [2m(+85ms)[22m 
[2m14:18:00[22m   [34m├─[39m [2m/docs/api/typescript/AppState/index.md[22m [2m(+262ms)[22m 
[2m14:18:01[22m   [34m├─[39m [2m/docs/api/typescript/BedrockModel/index.md[22m [2m(+248ms)[22m 
[2m14:18:01[22m   [34m├─[39m [2m/docs/api/typescript/BeforeInvocationEvent/index.md[22m [2m(+71ms)[22m 
[2m14:18:01[22m   [34m├─[39m [2m/docs/api/typescript/BeforeModelCallEvent/index.md[22m [2m(+66ms)[22m 
[2m14:18:01[22m   [34m├─[39m [2m/docs/api/typescript/BeforeToolCallEvent/index.md[22m [2m(+110ms)[22m 
[2m14:18:01[22m   [34m├─[39m [2m/docs/api/typescript/BeforeToolsEvent/index.md[22m [2m(+81ms)[22m 
[2m14:18:01[22m   [34m├─[39m [2m/docs/api/typescript/CachePointBlock/index.md[22m [2m(+114ms)[22m 
[2m14:18:01[22m   [34m├─[39m [2m/docs/api/typescript/ConcurrentInvocationError/index.md[22m [2m(+36ms)[22m 
[2m14:18:01[22m   [34m├─[39m [2m/docs/api/typescript/CitationsBlock/index.md[22m [2m(+136ms)[22m 
[2m14:18:02[22m   [34m├─[39m [2m/docs/api/typescript/ContentBlockEvent/index.md[22m [2m(+87ms)[22m 
[2m14:18:02[22m   [34m├─[39m [2m/docs/api/typescript/ContextWindowOverflowError/index.md[22m [2m(+43ms)[22m 
[2m14:18:02[22m   [34m├─[39m [2m/docs/api/typescript/DocumentBlock/index.md[22m [2m(+228ms)[22m 
[2m14:18:02[22m   [34m├─[39m [2m/docs/api/typescript/FileStorage/index.md[22m [2m(+234ms)[22m 
[2m14:18:02[22m   [34m├─[39m [2m/docs/api/typescript/FunctionTool/index.md[22m [2m(+226ms)[22m 
[2m14:18:02[22m   [34m├─[39m [2m/docs/api/typescript/Graph/index.md[22m [2m(+129ms)[22m 
[2m14:18:02[22m   [34m├─[39m [2m/docs/api/typescript/GuardContentBlock/index.md[22m [2m(+184ms)[22m 
[2m14:18:03[22m   [34m├─[39m [2m/docs/api/typescript/HookRegistry/index.md[22m [2m(+143ms)[22m 
[2m14:18:03[22m   [34m├─[39m [2m/docs/api/typescript/ImageBlock/index.md[22m [2m(+144ms)[22m 
[2m14:18:03[22m   [34m├─[39m [2m/docs/api/typescript/HookableEvent/index.md[22m [2m(+93ms)[22m 
[2m14:18:03[22m   [34m├─[39m [2m/docs/api/typescript/InitializedEvent/index.md[22m [2m(+65ms)[22m 
[2m14:18:03[22m   [34m├─[39m [2m/docs/api/typescript/JsonBlock/index.md[22m [2m(+78ms)[22m 
[2m14:18:03[22m   [34m├─[39m [2m/docs/api/typescript/JsonValidationError/index.md[22m [2m(+35ms)[22m 
[2m14:18:03[22m   [34m├─[39m [2m/docs/api/typescript/MaxTokensError/index.md[22m [2m(+56ms)[22m 
[2m14:18:03[22m   [34m├─[39m [2m/docs/api/typescript/McpClient/index.md[22m [2m(+117ms)[22m 
[2m14:18:03[22m   [34m├─[39m [2m/docs/api/typescript/Message/index.md[22m [2m(+126ms)[22m 
[2m14:18:04[22m   [34m├─[39m [2m/docs/api/typescript/ModelError/index.md[22m [2m(+49ms)[22m 
[2m14:18:04[22m   [34m├─[39m [2m/docs/api/typescript/MessageAddedEvent/index.md[22m [2m(+82ms)[22m 
[2m14:18:04[22m   [34m├─[39m [2m/docs/api/typescript/ModelMessageEvent/index.md[22m [2m(+94ms)[22m 
[2m14:18:04[22m   [34m├─[39m [2m/docs/api/typescript/Model/index.md[22m [2m(+146ms)[22m 
[2m14:18:04[22m   [34m├─[39m [2m/docs/api/typescript/ModelStreamUpdateEvent/index.md[22m [2m(+91ms)[22m 
[2m14:18:04[22m   [34m├─[39m [2m/docs/api/typescript/ModelThrottledError/index.md[22m [2m(+46ms)[22m 
[2m14:18:04[22m   [34m├─[39m [2m/docs/api/typescript/NullConversationManager/index.md[22m [2m(+57ms)[22m 
[2m14:18:04[22m   [34m├─[39m [2m/docs/api/typescript/ReasoningBlock/index.md[22m [2m(+157ms)[22m 
[2m14:18:04[22m   [34m├─[39m [2m/docs/api/typescript/S3Location/index.md[22m [2m(+118ms)[22m 
[2m14:18:04[22m   [34m├─[39m [2m/docs/api/typescript/SessionManager/index.md[22m [2m(+116ms)[22m 
[2m14:18:04[22m   [34m├─[39m [2m/docs/api/typescript/S3Storage/index.md[22m [2m(+212ms)[22m 
[2m14:18:05[22m   [34m├─[39m [2m/docs/api/typescript/SlidingWindowConversationManager/index.md[22m [2m(+67ms)[22m 
[2m14:18:05[22m   [34m├─[39m [2m/docs/api/typescript/StreamEvent/index.md[22m [2m(+30ms)[22m 
[2m14:18:05[22m   [34m├─[39m [2m/docs/api/typescript/StructuredOutputException/index.md[22m [2m(+34ms)[22m 
[2m14:18:05[22m   [34m├─[39m [2m/docs/api/typescript/Swarm/index.md[22m [2m(+120ms)[22m 
[2m14:18:05[22m   [34m├─[39m [2m/docs/api/typescript/TextBlock/index.md[22m [2m(+102ms)[22m 
[2m14:18:05[22m   [34m├─[39m [2m/docs/api/typescript/Tool/index.md[22m [2m(+93ms)[22m 
[2m14:18:05[22m   [34m├─[39m [2m/docs/api/typescript/ToolResultBlock/index.md[22m [2m(+173ms)[22m 
[2m14:18:05[22m   [34m├─[39m [2m/docs/api/typescript/ToolResultEvent/index.md[22m [2m(+90ms)[22m 
[2m14:18:05[22m   [34m├─[39m [2m/docs/api/typescript/ToolUseBlock/index.md[22m [2m(+180ms)[22m 
[2m14:18:06[22m   [34m├─[39m [2m/docs/api/typescript/ToolStreamUpdateEvent/index.md[22m [2m(+97ms)[22m 
[2m14:18:06[22m   [34m├─[39m [2m/docs/api/typescript/ToolValidationError/index.md[22m [2m(+38ms)[22m 
[2m14:18:06[22m   [34m├─[39m [2m/docs/api/typescript/VideoBlock/index.md[22m [2m(+159ms)[22m 
[2m14:18:06[22m   [34m├─[39m [2m/docs/api/typescript/ZodTool/index.md[22m [2m(+262ms)[22m 
[2m14:18:06[22m   [34m├─[39m [2m/docs/api/typescript/telemetry/index.md[22m [2m(+24ms)[22m 
[2m14:18:06[22m   [34m├─[39m [2m/docs/api/typescript/AgentData/index.md[22m [2m(+29ms)[22m 
[2m14:18:06[22m   [34m├─[39m [2m/docs/api/typescript/BaseModelConfig/index.md[22m [2m(+63ms)[22m 
[2m14:18:06[22m   [34m├─[39m [2m/docs/api/typescript/BedrockGuardrailConfig/index.md[22m [2m(+63ms)[22m 
[2m14:18:06[22m   [34m├─[39m [2m/docs/api/typescript/BedrockGuardrailRedactionConfig/index.md[22m [2m(+62ms)[22m 
[2m14:18:06[22m   [34m├─[39m [2m/docs/api/typescript/BedrockModelOptions/index.md[22m [2m(+358ms)[22m 
[2m14:18:07[22m   [34m├─[39m [2m/docs/api/typescript/CachePointBlockData/index.md[22m [2m(+23ms)[22m 
[2m14:18:07[22m   [34m├─[39m [2m/docs/api/typescript/BedrockModelConfig/index.md[22m [2m(+241ms)[22m 
[2m14:18:07[22m   [34m├─[39m [2m/docs/api/typescript/Citation/index.md[22m [2m(+48ms)[22m 
[2m14:18:07[22m   [34m├─[39m [2m/docs/api/typescript/CitationsBlockData/index.md[22m [2m(+31ms)[22m 
[2m14:18:07[22m   [34m├─[39m [2m/docs/api/typescript/CitationsDelta/index.md[22m [2m(+39ms)[22m 
[2m14:18:07[22m   [34m├─[39m [2m/docs/api/typescript/DocumentBlockData/index.md[22m [2m(+61ms)[22m 
[2m14:18:07[22m   [34m├─[39m [2m/docs/api/typescript/GuardContentBlockData/index.md[22m [2m(+34ms)[22m 
[2m14:18:07[22m   [34m├─[39m [2m/docs/api/typescript/FunctionToolConfig/index.md[22m [2m(+46ms)[22m 
[2m14:18:07[22m   [34m├─[39m [2m/docs/api/typescript/GuardContentImage/index.md[22m [2m(+31ms)[22m 
[2m14:18:07[22m   [34m├─[39m [2m/docs/api/typescript/GuardContentText/index.md[22m [2m(+31ms)[22m 
[2m14:18:07[22m   [34m├─[39m [2m/docs/api/typescript/HookProvider/index.md[22m [2m(+43ms)[22m 
[2m14:18:07[22m   [34m├─[39m [2m/docs/api/typescript/ImageBlockData/index.md[22m [2m(+31ms)[22m 
[2m14:18:07[22m   [34m├─[39m [2m/docs/api/typescript/InvokableTool/index.md[22m [2m(+148ms)[22m 
[2m14:18:08[22m   [34m├─[39m [2m/docs/api/typescript/Logger/index.md[22m [2m(+81ms)[22m 
[2m14:18:08[22m   [34m├─[39m [2m/docs/api/typescript/MessageData/index.md[22m [2m(+30ms)[22m 
[2m14:18:08[22m   [34m├─[39m [2m/docs/api/typescript/Metrics/index.md[22m [2m(+22ms)[22m 
[2m14:18:08[22m   [34m├─[39m [2m/docs/api/typescript/ModelContentBlockDeltaEvent/index.md[22m [2m(+55ms)[22m 
[2m14:18:08[22m   [34m├─[39m [2m/docs/api/typescript/ModelContentBlockDeltaEventData/index.md[22m [2m(+31ms)[22m 
[2m14:18:08[22m   [34m├─[39m [2m/docs/api/typescript/ModelContentBlockStartEvent/index.md[22m [2m(+48ms)[22m 
[2m14:18:08[22m   [34m├─[39m [2m/docs/api/typescript/ModelContentBlockStopEvent/index.md[22m [2m(+32ms)[22m 
[2m14:18:08[22m   [34m├─[39m [2m/docs/api/typescript/ModelContentBlockStartEventData/index.md[22m [2m(+31ms)[22m 
[2m14:18:08[22m   [34m├─[39m [2m/docs/api/typescript/ModelMessageStartEvent/index.md[22m [2m(+47ms)[22m 
[2m14:18:08[22m   [34m├─[39m [2m/docs/api/typescript/ModelMessageStartEventData/index.md[22m [2m(+30ms)[22m 
[2m14:18:08[22m   [34m├─[39m [2m/docs/api/typescript/ModelMessageStopEvent/index.md[22m [2m(+59ms)[22m 
[2m14:18:08[22m   [34m├─[39m [2m/docs/api/typescript/ModelMessageStopEventData/index.md[22m [2m(+39ms)[22m 
[2m14:18:08[22m   [34m├─[39m [2m/docs/api/typescript/ModelMetadataEvent/index.md[22m [2m(+72ms)[22m 
[2m14:18:08[22m   [34m├─[39m [2m/docs/api/typescript/ModelMetadataEventData/index.md[22m [2m(+48ms)[22m 
[2m14:18:08[22m   [34m├─[39m [2m/docs/api/typescript/ModelRedactionEvent/index.md[22m [2m(+58ms)[22m 
[2m14:18:08[22m   [34m├─[39m [2m/docs/api/typescript/ModelRedactionEventData/index.md[22m [2m(+39ms)[22m 
[2m14:18:08[22m   [34m├─[39m [2m/docs/api/typescript/ModelStopResponse/index.md[22m [2m(+39ms)[22m 
[2m14:18:08[22m   [34m├─[39m [2m/docs/api/typescript/ReasoningBlockData/index.md[22m [2m(+40ms)[22m 
[2m14:18:08[22m   [34m├─[39m [2m/docs/api/typescript/ReasoningContentDelta/index.md[22m [2m(+48ms)[22m 
[2m14:18:08[22m   [34m├─[39m [2m/docs/api/typescript/RedactInputContent/index.md[22m [2m(+22ms)[22m 
[2m14:18:08[22m   [34m├─[39m [2m/docs/api/typescript/RedactOutputContent/index.md[22m [2m(+31ms)[22m 
[2m14:18:08[22m   [34m├─[39m [2m/docs/api/typescript/Redaction/index.md[22m [2m(+22ms)[22m 
[2m14:18:08[22m   [34m├─[39m [2m/docs/api/typescript/S3LocationData/index.md[22m [2m(+31ms)[22m 
[2m14:18:08[22m   [34m├─[39m [2m/docs/api/typescript/SessionManagerConfig/index.md[22m [2m(+56ms)[22m 
[2m14:18:09[22m   [34m├─[39m [2m/docs/api/typescript/Snapshot/index.md[22m [2m(+61ms)[22m 
[2m14:18:09[22m   [34m├─[39m [2m/docs/api/typescript/SnapshotManifest/index.md[22m [2m(+31ms)[22m 
[2m14:18:09[22m   [34m├─[39m [2m/docs/api/typescript/SnapshotStorage/index.md[22m [2m(+161ms)[22m 
[2m14:18:09[22m   [34m├─[39m [2m/docs/api/typescript/SnapshotTriggerParams/index.md[22m [2m(+97ms)[22m 
[2m14:18:09[22m   [34m├─[39m [2m/docs/api/typescript/StreamOptions/index.md[22m [2m(+53ms)[22m 
[2m14:18:09[22m   [34m├─[39m [2m/docs/api/typescript/TextBlockData/index.md[22m [2m(+26ms)[22m 
[2m14:18:09[22m   [34m├─[39m [2m/docs/api/typescript/TasksConfig/index.md[22m [2m(+33ms)[22m 
[2m14:18:09[22m   [34m├─[39m [2m/docs/api/typescript/TextDelta/index.md[22m [2m(+29ms)[22m 
[2m14:18:09[22m   [34m├─[39m [2m/docs/api/typescript/ToolContext/index.md[22m [2m(+29ms)[22m 
[2m14:18:09[22m   [34m├─[39m [2m/docs/api/typescript/ToolResultBlockData/index.md[22m [2m(+44ms)[22m 
[2m14:18:09[22m   [34m├─[39m [2m/docs/api/typescript/ToolSpec/index.md[22m [2m(+37ms)[22m 
[2m14:18:09[22m   [34m├─[39m [2m/docs/api/typescript/ToolStreamEvent/index.md[22m [2m(+49ms)[22m 
[2m14:18:09[22m   [34m├─[39m [2m/docs/api/typescript/ToolStreamEventData/index.md[22m [2m(+30ms)[22m 
[2m14:18:09[22m   [34m├─[39m [2m/docs/api/typescript/ToolUseBlockData/index.md[22m [2m(+43ms)[22m 
[2m14:18:09[22m   [34m├─[39m [2m/docs/api/typescript/ToolUseInputDelta/index.md[22m [2m(+36ms)[22m 
[2m14:18:09[22m   [34m├─[39m [2m/docs/api/typescript/ToolUse/index.md[22m [2m(+35ms)[22m 
[2m14:18:09[22m   [34m├─[39m [2m/docs/api/typescript/ToolUseStart/index.md[22m [2m(+42ms)[22m 
[2m14:18:09[22m   [34m├─[39m [2m/docs/api/typescript/telemetry:TracerConfig/index.md[22m [2m(+37ms)[22m 
[2m14:18:09[22m   [34m├─[39m [2m/docs/api/typescript/Usage/index.md[22m [2m(+56ms)[22m 
[2m14:18:09[22m   [34m├─[39m [2m/docs/api/typescript/VideoBlockData/index.md[22m [2m(+28ms)[22m 
[2m14:18:10[22m   [34m├─[39m [2m/docs/api/typescript/ZodToolConfig/index.md[22m [2m(+68ms)[22m 
[2m14:18:10[22m   [34m├─[39m [2m/docs/api/typescript/AgentConfig/index.md[22m [2m(+128ms)[22m 
[2m14:18:10[22m   [34m├─[39m [2m/docs/api/typescript/AgentStreamEvent/index.md[22m [2m(+19ms)[22m 
[2m14:18:10[22m   [34m├─[39m [2m/docs/api/typescript/CitationGeneratedContent/index.md[22m [2m(+20ms)[22m 
[2m14:18:10[22m   [34m├─[39m [2m/docs/api/typescript/CitationLocation/index.md[22m [2m(+88ms)[22m 
[2m14:18:10[22m   [34m├─[39m [2m/docs/api/typescript/CitationSourceContent/index.md[22m [2m(+21ms)[22m 
[2m14:18:10[22m   [34m├─[39m [2m/docs/api/typescript/ContentBlock/index.md[22m [2m(+11ms)[22m 
[2m14:18:10[22m   [34m├─[39m [2m/docs/api/typescript/ContentBlockData/index.md[22m [2m(+15ms)[22m 
[2m14:18:10[22m   [34m├─[39m [2m/docs/api/typescript/ContentBlockDelta/index.md[22m [2m(+9ms)[22m 
[2m14:18:10[22m   [34m├─[39m [2m/docs/api/typescript/ContentBlockStart/index.md[22m [2m(+7ms)[22m 
[2m14:18:10[22m   [34m├─[39m [2m/docs/api/typescript/DocumentContentBlock/index.md[22m [2m(+9ms)[22m 
[2m14:18:10[22m   [34m├─[39m [2m/docs/api/typescript/DocumentContentBlockData/index.md[22m [2m(+7ms)[22m 
[2m14:18:10[22m   [34m├─[39m [2m/docs/api/typescript/DocumentFormat/index.md[22m [2m(+11ms)[22m 
[2m14:18:10[22m   [34m├─[39m [2m/docs/api/typescript/DocumentSource/index.md[22m [2m(+11ms)[22m 
[2m14:18:10[22m   [34m├─[39m [2m/docs/api/typescript/FunctionToolCallback/index.md[22m [2m(+40ms)[22m 
[2m14:18:10[22m   [34m├─[39m [2m/docs/api/typescript/DocumentSourceData/index.md[22m [2m(+10ms)[22m 
[2m14:18:10[22m   [34m├─[39m [2m/docs/api/typescript/GuardImageFormat/index.md[22m [2m(+8ms)[22m 
[2m14:18:10[22m   [34m├─[39m [2m/docs/api/typescript/GuardImageSource/index.md[22m [2m(+21ms)[22m 
[2m14:18:10[22m   [34m├─[39m [2m/docs/api/typescript/GuardQualifier/index.md[22m [2m(+13ms)[22m 
[2m14:18:10[22m   [34m├─[39m [2m/docs/api/typescript/HookCallback/index.md[22m [2m(+31ms)[22m 
[2m14:18:10[22m   [34m├─[39m [2m/docs/api/typescript/HookableEventConstructor/index.md[22m [2m(+28ms)[22m 
[2m14:18:10[22m   [34m├─[39m [2m/docs/api/typescript/ImageFormat/index.md[22m [2m(+12ms)[22m 
[2m14:18:10[22m   [34m├─[39m [2m/docs/api/typescript/ImageSource/index.md[22m [2m(+9ms)[22m 
[2m14:18:10[22m   [34m├─[39m [2m/docs/api/typescript/ImageSourceData/index.md[22m [2m(+10ms)[22m 
[2m14:18:10[22m   [34m├─[39m [2m/docs/api/typescript/JSONSchema/index.md[22m [2m(+14ms)[22m 
[2m14:18:10[22m   [34m├─[39m [2m/docs/api/typescript/JSONValue/index.md[22m [2m(+15ms)[22m 
[2m14:18:10[22m   [34m├─[39m [2m/docs/api/typescript/ModelStreamEvent/index.md[22m [2m(+10ms)[22m 
[2m14:18:10[22m   [34m├─[39m [2m/docs/api/typescript/McpClientConfig/index.md[22m [2m(+27ms)[22m 
[2m14:18:10[22m   [34m├─[39m [2m/docs/api/typescript/Role/index.md[22m [2m(+8ms)[22m 
[2m14:18:10[22m   [34m├─[39m [2m/docs/api/typescript/S3StorageConfig/index.md[22m [2m(+42ms)[22m 
[2m14:18:10[22m   [34m├─[39m [2m/docs/api/typescript/SaveLatestStrategy/index.md[22m [2m(+11ms)[22m 
[2m14:18:10[22m   [34m├─[39m [2m/docs/api/typescript/Scope/index.md[22m [2m(+8ms)[22m 
[2m14:18:10[22m   [34m├─[39m [2m/docs/api/typescript/SlidingWindowConversationManagerConfig/index.md[22m [2m(+29ms)[22m 
[2m14:18:10[22m   [34m├─[39m [2m/docs/api/typescript/SnapshotLocation/index.md[22m [2m(+34ms)[22m 
[2m14:18:10[22m   [34m├─[39m [2m/docs/api/typescript/SessionStorage/index.md[22m [2m(+25ms)[22m 
[2m14:18:10[22m   [34m├─[39m [2m/docs/api/typescript/SnapshotTriggerCallback/index.md[22m [2m(+26ms)[22m 
[2m14:18:10[22m   [34m├─[39m [2m/docs/api/typescript/StopReason/index.md[22m [2m(+9ms)[22m 
[2m14:18:10[22m   [34m├─[39m [2m/docs/api/typescript/SystemContentBlock/index.md[22m [2m(+10ms)[22m 
[2m14:18:10[22m   [34m├─[39m [2m/docs/api/typescript/SystemPrompt/index.md[22m [2m(+14ms)[22m 
[2m14:18:10[22m   [34m├─[39m [2m/docs/api/typescript/SystemPromptData/index.md[22m [2m(+9ms)[22m 
[2m14:18:10[22m   [34m├─[39m [2m/docs/api/typescript/ToolChoice/index.md[22m [2m(+9ms)[22m 
[2m14:18:10[22m   [34m├─[39m [2m/docs/api/typescript/ToolList/index.md[22m [2m(+9ms)[22m 
[2m14:18:10[22m   [34m├─[39m [2m/docs/api/typescript/ToolResultContent/index.md[22m [2m(+7ms)[22m 
[2m14:18:10[22m   [34m├─[39m [2m/docs/api/typescript/ToolResultStatus/index.md[22m [2m(+10ms)[22m 
[2m14:18:10[22m   [34m├─[39m [2m/docs/api/typescript/ToolStreamGenerator/index.md[22m [2m(+9ms)[22m 
[2m14:18:10[22m   [34m├─[39m [2m/docs/api/typescript/VideoFormat/index.md[22m [2m(+8ms)[22m 
[2m14:18:10[22m   [34m├─[39m [2m/docs/api/typescript/VideoSource/index.md[22m [2m(+10ms)[22m 
[2m14:18:10[22m   [34m└─[39m [2m/docs/api/typescript/VideoSourceData/index.md[22m [2m(+7ms)[22m 
[2m14:18:10[22m [32m▶[39m src/pages/index.astro
[2m14:18:10[22m   [34m└─[39m [2m/index.html[22m [2m(+7ms)[22m 
[2m14:18:10[22m [32m▶[39m @astrojs/starlight/routes/static/index.astro
[33m[1m14:18:10[22m [WARN] [build][39m Could not render `/404` from route `/[...slug]` as it conflicts with higher priority route `/404`.
[2m14:18:10[22m   [34m├─[39m [2m/docs/index.html[22m [2m(+92ms)[22m 
[2m14:18:11[22m   [34m├─[39m [2m/docs/llms/index.html[22m [2m(+22ms)[22m 
[2m14:18:11[22m   [34m├─[39m [2m/docs/community/community-packages/index.html[22m [2m(+75ms)[22m 
[2m14:18:11[22m   [34m├─[39m [2m/docs/community/get-featured/index.html[22m [2m(+51ms)[22m 
[2m14:18:11[22m   [34m├─[39m [2m/docs/contribute/index.html[22m [2m(+55ms)[22m 
[2m14:18:11[22m   [34m├─[39m [2m/docs/examples/index.html[22m [2m(+86ms)[22m 
[2m14:18:11[22m   [34m├─[39m [2m/docs/labs/ai-functions/index.html[22m [2m(+68ms)[22m 
[2m14:18:11[22m   [34m├─[39m [2m/docs/labs/robots-sim/index.html[22m [2m(+86ms)[22m 
[2m14:18:11[22m   [34m├─[39m [2m/docs/labs/index.html[22m [2m(+41ms)[22m 
[2m14:18:11[22m   [34m├─[39m [2m/docs/labs/robots/index.html[22m [2m(+92ms)[22m 
[2m14:18:11[22m   [34m├─[39m [2m/docs/user-guide/quickstart/index.html[22m [2m(+233ms)[22m 
[2m14:18:11[22m   [34m├─[39m [2m/docs/user-guide/versioning-and-support/index.html[22m [2m(+125ms)[22m 
[2m14:18:12[22m   [34m├─[39m [2m/docs/api/typescript/index.html[22m [2m(+20ms)[22m 
[2m14:18:12[22m   [34m├─[39m [2m/docs/api/python/index.html[22m [2m(+18ms)[22m 
[2m14:18:12[22m   [34m├─[39m [2m/docs/community/integrations/ag-ui/index.html[22m [2m(+92ms)[22m 
[2m14:18:12[22m   [34m├─[39m [2m/docs/community/session-managers/agentcore-memory/index.html[22m [2m(+99ms)[22m 
[2m14:18:12[22m   [34m├─[39m [2m/docs/community/session-managers/strands-valkey-session-manager/index.html[22m [2m(+62ms)[22m 
[2m14:18:12[22m   [34m├─[39m [2m/docs/community/model-providers/cohere/index.html[22m [2m(+76ms)[22m 
[2m14:18:12[22m   [34m├─[39m [2m/docs/community/model-providers/clova-studio/index.html[22m [2m(+58ms)[22m 
[2m14:18:12[22m   [34m├─[39m [2m/docs/community/model-providers/fireworksai/index.html[22m [2m(+72ms)[22m 
[2m14:18:12[22m   [34m├─[39m [2m/docs/community/model-providers/mlx/index.html[22m [2m(+73ms)[22m 
[2m14:18:12[22m   [34m├─[39m [2m/docs/community/model-providers/nebius-token-factory/index.html[22m [2m(+70ms)[22m 
[2m14:18:12[22m   [34m├─[39m [2m/docs/community/model-providers/nvidia-nim/index.html[22m [2m(+67ms)[22m 
[2m14:18:12[22m   [34m├─[39m [2m/docs/community/model-providers/sglang/index.html[22m [2m(+81ms)[22m 
[2m14:18:12[22m   [34m├─[39m [2m/docs/community/model-providers/xai/index.html[22m [2m(+75ms)[22m 
[2m14:18:12[22m   [34m├─[39m [2m/docs/community/model-providers/vllm/index.html[22m [2m(+106ms)[22m 
[2m14:18:12[22m   [34m├─[39m [2m/docs/community/tools/strands-deepgram/index.html[22m [2m(+50ms)[22m 
[2m14:18:13[22m   [34m├─[39m [2m/docs/community/tools/strands-hubspot/index.html[22m [2m(+46ms)[22m 
[2m14:18:13[22m   [34m├─[39m [2m/docs/community/tools/strands-teams/index.html[22m [2m(+45ms)[22m 
[2m14:18:13[22m   [34m├─[39m [2m/docs/community/tools/strands-telegram-listener/index.html[22m [2m(+46ms)[22m 
[2m14:18:13[22m   [34m├─[39m [2m/docs/community/tools/strands-telegram/index.html[22m [2m(+47ms)[22m 
[2m14:18:13[22m   [34m├─[39m [2m/docs/community/tools/utcp/index.html[22m [2m(+36ms)[22m 
[2m14:18:13[22m   [34m├─[39m [2m/docs/contribute/contributing/core-sdk/index.html[22m [2m(+74ms)[22m 
[2m14:18:13[22m   [34m├─[39m [2m/docs/contribute/contributing/documentation/index.html[22m [2m(+41ms)[22m 
[2m14:18:13[22m   [34m├─[39m [2m/docs/contribute/contributing/extensions/index.html[22m [2m(+40ms)[22m 
[2m14:18:13[22m   [34m├─[39m [2m/docs/contribute/contributing/feature-proposals/index.html[22m [2m(+35ms)[22m 
[2m14:18:13[22m   [34m├─[39m [2m/docs/examples/python/cli-reference-agent/index.html[22m [2m(+58ms)[22m 
[2m14:18:13[22m   [34m├─[39m [2m/docs/examples/python/agents_workflows/index.html[22m [2m(+48ms)[22m 
[2m14:18:13[22m   [34m├─[39m [2m/docs/examples/python/file_operations/index.html[22m [2m(+55ms)[22m 
[2m14:18:13[22m   [34m├─[39m [2m/docs/examples/python/graph_loops_example/index.html[22m [2m(+63ms)[22m 
[2m14:18:13[22m   [34m├─[39m [2m/docs/examples/python/mcp_calculator/index.html[22m [2m(+48ms)[22m 
[2m14:18:13[22m   [34m├─[39m [2m/docs/examples/python/knowledge_base_agent/index.html[22m [2m(+49ms)[22m 
[2m14:18:13[22m   [34m├─[39m [2m/docs/examples/python/memory_agent/index.html[22m [2m(+58ms)[22m 
[2m14:18:13[22m   [34m├─[39m [2m/docs/examples/python/multimodal/index.html[22m [2m(+63ms)[22m 
[2m14:18:13[22m   [34m├─[39m [2m/docs/examples/python/meta_tooling/index.html[22m [2m(+51ms)[22m 
[2m14:18:13[22m   [34m├─[39m [2m/docs/examples/python/structured_output/index.html[22m [2m(+38ms)[22m 
[2m14:18:13[22m   [34m├─[39m [2m/docs/examples/python/weather_forecaster/index.html[22m [2m(+60ms)[22m 
[2m14:18:14[22m   [34m├─[39m [2m/docs/user-guide/concepts/interrupts/index.html[22m [2m(+98ms)[22m 
[2m14:18:14[22m   [34m├─[39m [2m/docs/user-guide/deploy/deploy_to_amazon_ec2/index.html[22m [2m(+74ms)[22m 
[2m14:18:14[22m   [34m├─[39m [2m/docs/user-guide/deploy/deploy_to_aws_apprunner/index.html[22m [2m(+102ms)[22m 
[2m14:18:14[22m   [34m├─[39m [2m/docs/user-guide/deploy/deploy_to_amazon_eks/index.html[22m [2m(+114ms)[22m 
[2m14:18:14[22m   [34m├─[39m [2m/docs/user-guide/deploy/deploy_to_aws_fargate/index.html[22m [2m(+83ms)[22m 
[2m14:18:14[22m   [34m├─[39m [2m/docs/user-guide/deploy/deploy_to_aws_lambda/index.html[22m [2m(+99ms)[22m 
[2m14:18:14[22m   [34m├─[39m [2m/docs/user-guide/deploy/deploy_to_kubernetes/index.html[22m [2m(+123ms)[22m 
[2m14:18:14[22m   [34m├─[39m [2m/docs/user-guide/deploy/deploy_to_terraform/index.html[22m [2m(+206ms)[22m 
[2m14:18:14[22m   [34m├─[39m [2m/docs/user-guide/deploy/operating-agents-in-production/index.html[22m [2m(+116ms)[22m 
[2m14:18:15[22m   [34m├─[39m [2m/docs/user-guide/evals-sdk/eval-sop/index.html[22m [2m(+162ms)[22m 
[2m14:18:15[22m   [34m├─[39m [2m/docs/user-guide/evals-sdk/experiment_generator/index.html[22m [2m(+160ms)[22m 
[2m14:18:15[22m   [34m├─[39m [2m/docs/user-guide/evals-sdk/quickstart/index.html[22m [2m(+106ms)[22m 
[2m14:18:15[22m   [34m├─[39m [2m/docs/user-guide/observability-evaluation/evaluation/index.html[22m [2m(+70ms)[22m 
[2m14:18:15[22m   [34m├─[39m [2m/docs/user-guide/observability-evaluation/metrics/index.html[22m [2m(+80ms)[22m 
[2m14:18:15[22m   [34m├─[39m [2m/docs/user-guide/observability-evaluation/logs/index.html[22m [2m(+72ms)[22m 
[2m14:18:15[22m   [34m├─[39m [2m/docs/user-guide/quickstart/overview/index.html[22m [2m(+20ms)[22m 
[2m14:18:15[22m   [34m├─[39m [2m/docs/user-guide/observability-evaluation/observability/index.html[22m [2m(+61ms)[22m 
[2m14:18:15[22m   [34m├─[39m [2m/docs/user-guide/quickstart/python/index.html[22m [2m(+232ms)[22m 
[2m14:18:16[22m   [34m├─[39m [2m/docs/user-guide/quickstart/typescript/index.html[22m [2m(+109ms)[22m 
[2m14:18:16[22m   [34m├─[39m [2m/docs/user-guide/safety-security/guardrails/index.html[22m [2m(+54ms)[22m 
[2m14:18:16[22m   [34m├─[39m [2m/docs/user-guide/safety-security/pii-redaction/index.html[22m [2m(+84ms)[22m 
[2m14:18:16[22m   [34m├─[39m [2m/docs/user-guide/observability-evaluation/traces/index.html[22m [2m(+130ms)[22m 
[2m14:18:16[22m   [34m├─[39m [2m/docs/user-guide/safety-security/prompt-engineering/index.html[22m [2m(+42ms)[22m 
[2m14:18:16[22m   [34m├─[39m [2m/docs/user-guide/safety-security/responsible-ai/index.html[22m [2m(+42ms)[22m 
[2m14:18:16[22m   [34m├─[39m [2m/docs/user-guide/concepts/bidirectional-streaming/agent/index.html[22m [2m(+161ms)[22m 
[2m14:18:16[22m   [34m├─[39m [2m/docs/examples/python/multi_agent_example/multi_agent_example/index.html[22m [2m(+74ms)[22m 
[2m14:18:16[22m   [34m├─[39m [2m/docs/user-guide/concepts/bidirectional-streaming/events/index.html[22m [2m(+147ms)[22m 
[2m14:18:16[22m   [34m├─[39m [2m/docs/user-guide/concepts/bidirectional-streaming/interruption/index.html[22m [2m(+52ms)[22m 
[2m14:18:16[22m   [34m├─[39m [2m/docs/user-guide/concepts/bidirectional-streaming/io/index.html[22m [2m(+49ms)[22m 
[2m14:18:16[22m   [34m├─[39m [2m/docs/user-guide/concepts/bidirectional-streaming/hooks/index.html[22m [2m(+90ms)[22m 
[2m14:18:17[22m   [34m├─[39m [2m/docs/user-guide/concepts/bidirectional-streaming/quickstart/index.html[22m [2m(+147ms)[22m 
[2m14:18:17[22m   [34m├─[39m [2m/docs/user-guide/concepts/bidirectional-streaming/session-management/index.html[22m [2m(+87ms)[22m 
[2m14:18:17[22m   [34m├─[39m [2m/docs/user-guide/concepts/agents/agent-loop/index.html[22m [2m(+76ms)[22m 
[2m14:18:17[22m   [34m├─[39m [2m/docs/user-guide/concepts/agents/conversation-management/index.html[22m [2m(+95ms)[22m 
[2m14:18:17[22m   [34m├─[39m [2m/docs/user-guide/concepts/agents/prompts/index.html[22m [2m(+63ms)[22m 
[2m14:18:17[22m   [34m├─[39m [2m/docs/user-guide/concepts/agents/hooks/index.html[22m [2m(+267ms)[22m 
[2m14:18:17[22m   [34m├─[39m [2m/docs/user-guide/concepts/agents/session-management/index.html[22m [2m(+128ms)[22m 
[2m14:18:17[22m   [34m├─[39m [2m/docs/user-guide/concepts/agents/state/index.html[22m [2m(+92ms)[22m 
[2m14:18:18[22m   [34m├─[39m [2m/docs/user-guide/concepts/agents/structured-output/index.html[22m [2m(+162ms)[22m 
[2m14:18:18[22m   [34m├─[39m [2m/docs/user-guide/concepts/agents/retry-strategies/index.html[22m [2m(+42ms)[22m 
[2m14:18:18[22m   [34m├─[39m [2m/docs/user-guide/concepts/experimental/agent-config/index.html[22m [2m(+71ms)[22m 
[2m14:18:18[22m   [34m├─[39m [2m/docs/user-guide/concepts/model-providers/amazon-bedrock/index.html[22m [2m(+306ms)[22m 
[2m14:18:18[22m   [34m├─[39m [2m/docs/user-guide/concepts/model-providers/amazon-nova/index.html[22m [2m(+58ms)[22m 
[2m14:18:18[22m   [34m├─[39m [2m/docs/user-guide/concepts/model-providers/anthropic/index.html[22m [2m(+77ms)[22m 
[2m14:18:18[22m   [34m├─[39m [2m/docs/user-guide/concepts/model-providers/clova-studio/index.html[22m [2m(+16ms)[22m 
[2m14:18:18[22m   [34m├─[39m [2m/docs/user-guide/concepts/model-providers/cohere/index.html[22m [2m(+14ms)[22m 
[2m14:18:18[22m   [34m├─[39m [2m/docs/user-guide/concepts/model-providers/custom_model_provider/index.html[22m [2m(+220ms)[22m 
[2m14:18:18[22m   [34m├─[39m [2m/docs/user-guide/concepts/model-providers/fireworksai/index.html[22m [2m(+13ms)[22m 
[2m14:18:18[22m   [34m├─[39m [2m/docs/user-guide/concepts/model-providers/gemini/index.html[22m [2m(+161ms)[22m 
[2m14:18:19[22m   [34m├─[39m [2m/docs/user-guide/concepts/model-providers/index.html[22m [2m(+116ms)[22m 
[2m14:18:19[22m   [34m├─[39m [2m/docs/user-guide/concepts/model-providers/litellm/index.html[22m [2m(+91ms)[22m 
[2m14:18:19[22m   [34m├─[39m [2m/docs/user-guide/concepts/model-providers/llamaapi/index.html[22m [2m(+84ms)[22m 
[2m14:18:19[22m   [34m├─[39m [2m/docs/user-guide/concepts/model-providers/llamacpp/index.html[22m [2m(+86ms)[22m 
[2m14:18:19[22m   [34m├─[39m [2m/docs/user-guide/concepts/model-providers/mistral/index.html[22m [2m(+58ms)[22m 
[2m14:18:19[22m   [34m├─[39m [2m/docs/user-guide/concepts/model-providers/nebius-token-factory/index.html[22m [2m(+12ms)[22m 
[2m14:18:19[22m   [34m├─[39m [2m/docs/user-guide/concepts/model-providers/ollama/index.html[22m [2m(+100ms)[22m 
[2m14:18:19[22m   [34m├─[39m [2m/docs/user-guide/concepts/model-providers/openai/index.html[22m [2m(+113ms)[22m 
[2m14:18:19[22m   [34m├─[39m [2m/docs/user-guide/concepts/model-providers/sagemaker/index.html[22m [2m(+94ms)[22m 
[2m14:18:19[22m   [34m├─[39m [2m/docs/user-guide/concepts/model-providers/xai/index.html[22m [2m(+55ms)[22m 
[2m14:18:19[22m   [34m├─[39m [2m/docs/user-guide/concepts/model-providers/writer/index.html[22m [2m(+220ms)[22m 
[2m14:18:20[22m   [34m├─[39m [2m/docs/user-guide/concepts/plugins/index.html[22m [2m(+111ms)[22m 
[2m14:18:20[22m   [34m├─[39m [2m/docs/user-guide/concepts/plugins/steering/index.html[22m [2m(+55ms)[22m 
[2m14:18:20[22m   [34m├─[39m [2m/docs/user-guide/concepts/multi-agent/agent-to-agent/index.html[22m [2m(+147ms)[22m 
[2m14:18:20[22m   [34m├─[39m [2m/docs/user-guide/concepts/multi-agent/agents-as-tools/index.html[22m [2m(+51ms)[22m 
[2m14:18:20[22m   [34m├─[39m [2m/docs/user-guide/concepts/multi-agent/graph/index.html[22m [2m(+156ms)[22m 
[2m14:18:20[22m   [34m├─[39m [2m/docs/user-guide/concepts/multi-agent/multi-agent-patterns/index.html[22m [2m(+84ms)[22m 
[2m14:18:20[22m   [34m├─[39m [2m/docs/user-guide/concepts/multi-agent/swarm/index.html[22m [2m(+88ms)[22m 
[2m14:18:20[22m   [34m├─[39m [2m/docs/user-guide/concepts/multi-agent/workflow/index.html[22m [2m(+77ms)[22m 
[2m14:18:20[22m   [34m├─[39m [2m/docs/user-guide/concepts/streaming/async-iterators/index.html[22m [2m(+59ms)[22m 
[2m14:18:21[22m   [34m├─[39m [2m/docs/user-guide/concepts/streaming/callback-handlers/index.html[22m [2m(+50ms)[22m 
[2m14:18:21[22m   [34m├─[39m [2m/docs/user-guide/concepts/streaming/index.html[22m [2m(+117ms)[22m 
[2m14:18:21[22m   [34m├─[39m [2m/docs/user-guide/concepts/tools/community-tools-package/index.html[22m [2m(+185ms)[22m 
[2m14:18:21[22m   [34m├─[39m [2m/docs/user-guide/concepts/tools/custom-tools/index.html[22m [2m(+216ms)[22m 
[2m14:18:21[22m   [34m├─[39m [2m/docs/user-guide/concepts/tools/executors/index.html[22m [2m(+32ms)[22m 
[2m14:18:21[22m   [34m├─[39m [2m/docs/user-guide/concepts/tools/index.html[22m [2m(+136ms)[22m 
[2m14:18:21[22m   [34m├─[39m [2m/docs/user-guide/concepts/tools/mcp-tools/index.html[22m [2m(+134ms)[22m 
[2m14:18:21[22m   [34m├─[39m [2m/docs/user-guide/deploy/deploy_to_bedrock_agentcore/index.html[22m [2m(+39ms)[22m 
[2m14:18:21[22m   [34m├─[39m [2m/docs/user-guide/deploy/deploy_to_bedrock_agentcore/python/index.html[22m [2m(+157ms)[22m 
[2m14:18:22[22m   [34m├─[39m [2m/docs/user-guide/deploy/deploy_to_bedrock_agentcore/typescript/index.html[22m [2m(+131ms)[22m 
[2m14:18:22[22m   [34m├─[39m [2m/docs/user-guide/deploy/deploy_to_docker/index.html[22m [2m(+23ms)[22m 
[2m14:18:22[22m   [34m├─[39m [2m/docs/user-guide/deploy/deploy_to_docker/python/index.html[22m [2m(+92ms)[22m 
[2m14:18:22[22m   [34m├─[39m [2m/docs/user-guide/deploy/deploy_to_docker/typescript/index.html[22m [2m(+93ms)[22m 
[2m14:18:22[22m   [34m├─[39m [2m/docs/user-guide/evals-sdk/evaluators/custom_evaluator/index.html[22m [2m(+77ms)[22m 
[2m14:18:22[22m   [34m├─[39m [2m/docs/user-guide/evals-sdk/evaluators/goal_success_rate_evaluator/index.html[22m [2m(+127ms)[22m 
[2m14:18:22[22m   [34m├─[39m [2m/docs/user-guide/evals-sdk/evaluators/faithfulness_evaluator/index.html[22m [2m(+105ms)[22m 
[2m14:18:22[22m   [34m├─[39m [2m/docs/user-guide/evals-sdk/evaluators/helpfulness_evaluator/index.html[22m [2m(+115ms)[22m 
[2m14:18:22[22m   [34m├─[39m [2m/docs/user-guide/evals-sdk/evaluators/index.html[22m [2m(+134ms)[22m 
[2m14:18:22[22m   [34m├─[39m [2m/docs/user-guide/evals-sdk/evaluators/interactions_evaluator/index.html[22m [2m(+123ms)[22m 
[2m14:18:23[22m   [34m├─[39m [2m/docs/user-guide/evals-sdk/evaluators/output_evaluator/index.html[22m [2m(+66ms)[22m 
[2m14:18:23[22m   [34m├─[39m [2m/docs/user-guide/evals-sdk/evaluators/tool_parameter_evaluator/index.html[22m [2m(+80ms)[22m 
[2m14:18:23[22m   [34m├─[39m [2m/docs/user-guide/evals-sdk/evaluators/tool_selection_evaluator/index.html[22m [2m(+93ms)[22m 
[2m14:18:23[22m   [34m├─[39m [2m/docs/user-guide/evals-sdk/evaluators/trajectory_evaluator/index.html[22m [2m(+106ms)[22m 
[2m14:18:23[22m   [34m├─[39m [2m/docs/user-guide/evals-sdk/how-to/agentcore_evaluation_dashboard/index.html[22m [2m(+129ms)[22m 
[2m14:18:23[22m   [34m├─[39m [2m/docs/user-guide/evals-sdk/how-to/experiment_management/index.html[22m [2m(+76ms)[22m 
[2m14:18:23[22m   [34m├─[39m [2m/docs/user-guide/evals-sdk/how-to/serialization/index.html[22m [2m(+84ms)[22m 
[2m14:18:23[22m   [34m├─[39m [2m/docs/user-guide/evals-sdk/simulators/index.html[22m [2m(+95ms)[22m 
[2m14:18:23[22m   [34m├─[39m [2m/docs/user-guide/evals-sdk/simulators/user_simulation/index.html[22m [2m(+141ms)[22m 
[2m14:18:23[22m   [34m├─[39m [2m/docs/user-guide/concepts/bidirectional-streaming/models/gemini_live/index.html[22m [2m(+80ms)[22m 
[2m14:18:24[22m   [34m├─[39m [2m/docs/user-guide/concepts/bidirectional-streaming/models/openai_realtime/index.html[22m [2m(+74ms)[22m 
[2m14:18:24[22m   [34m├─[39m [2m/docs/user-guide/concepts/bidirectional-streaming/models/nova_sonic/index.html[22m [2m(+68ms)[22m 
[2m14:18:24[22m   [34m├─[39m [2m/docs/api/python/strands.agent.a2a_agent/index.html[22m [2m(+52ms)[22m 
[2m14:18:24[22m   [34m├─[39m [2m/docs/api/python/strands.agent.agent/index.html[22m [2m(+122ms)[22m 
[2m14:18:24[22m   [34m├─[39m [2m/docs/api/python/strands.agent.agent_result/index.html[22m [2m(+39ms)[22m 
[2m14:18:24[22m   [34m├─[39m [2m/docs/api/python/strands.agent.base/index.html[22m [2m(+39ms)[22m 
[2m14:18:24[22m   [34m├─[39m [2m/docs/api/python/strands.agent.conversation_manager.conversation_manager/index.html[22m [2m(+59ms)[22m 
[2m14:18:24[22m   [34m├─[39m [2m/docs/api/python/strands.agent.conversation_manager.null_conversation_manager/index.html[22m [2m(+33ms)[22m 
[2m14:18:24[22m   [34m├─[39m [2m/docs/api/python/strands.agent.conversation_manager.sliding_window_conversation_manager/index.html[22m [2m(+58ms)[22m 
[2m14:18:24[22m   [34m├─[39m [2m/docs/api/python/strands.agent.conversation_manager.summarizing_conversation_manager/index.html[22m [2m(+51ms)[22m 
[2m14:18:24[22m   [34m├─[39m [2m/docs/api/python/strands.event_loop.event_loop/index.html[22m [2m(+28ms)[22m 
[2m14:18:24[22m   [34m├─[39m [2m/docs/api/python/strands.event_loop.streaming/index.html[22m [2m(+79ms)[22m 
[2m14:18:24[22m   [34m├─[39m [2m/docs/api/python/strands.experimental.agent_config/index.html[22m [2m(+28ms)[22m 
[2m14:18:24[22m   [34m├─[39m [2m/docs/api/python/strands.experimental.bidi.agent.agent/index.html[22m [2m(+85ms)[22m 
[2m14:18:24[22m   [34m├─[39m [2m/docs/api/python/strands.experimental.bidi.agent.loop/index.html[22m [2m(+58ms)[22m 
[2m14:18:24[22m   [34m├─[39m [2m/docs/api/python/strands.experimental.bidi.io.audio/index.html[22m [2m(+142ms)[22m 
[2m14:18:25[22m   [34m├─[39m [2m/docs/api/python/strands.experimental.bidi.models.gemini_live/index.html[22m [2m(+51ms)[22m 
[2m14:18:25[22m   [34m├─[39m [2m/docs/api/python/strands.experimental.bidi.io.text/index.html[22m [2m(+70ms)[22m 
[2m14:18:25[22m   [34m├─[39m [2m/docs/api/python/strands.experimental.bidi/index.html[22m [2m(+19ms)[22m 
[2m14:18:25[22m   [34m├─[39m [2m/docs/api/python/strands.experimental.bidi.models/index.html[22m [2m(+19ms)[22m 
[2m14:18:25[22m   [34m├─[39m [2m/docs/api/python/strands.experimental.bidi.models.model/index.html[22m [2m(+58ms)[22m 
[2m14:18:25[22m   [34m├─[39m [2m/docs/api/python/strands.experimental.bidi.models.openai_realtime/index.html[22m [2m(+58ms)[22m 
[2m14:18:25[22m   [34m├─[39m [2m/docs/api/python/strands.experimental.bidi.models.nova_sonic/index.html[22m [2m(+52ms)[22m 
[2m14:18:25[22m   [34m├─[39m [2m/docs/api/python/strands.experimental.bidi.tools.stop_conversation/index.html[22m [2m(+19ms)[22m 
[2m14:18:25[22m   [34m├─[39m [2m/docs/api/python/strands.experimental.bidi.types.events/index.html[22m [2m(+431ms)[22m 
[2m14:18:25[22m   [34m├─[39m [2m/docs/api/python/strands.experimental.bidi.types.io/index.html[22m [2m(+64ms)[22m 
[2m14:18:25[22m   [34m├─[39m [2m/docs/api/python/strands.experimental.bidi.types.model/index.html[22m [2m(+20ms)[22m 
[2m14:18:25[22m   [34m├─[39m [2m/docs/api/python/strands.experimental.hooks.events/index.html[22m [2m(+88ms)[22m 
[2m14:18:26[22m   [34m├─[39m [2m/docs/api/python/strands.handlers.callback_handler/index.html[22m [2m(+59ms)[22m 
[2m14:18:26[22m   [34m├─[39m [2m/docs/api/python/strands.hooks.events/index.html[22m [2m(+132ms)[22m 
[2m14:18:26[22m   [34m├─[39m [2m/docs/api/python/strands.interrupt/index.html[22m [2m(+80ms)[22m 
[2m14:18:26[22m   [34m├─[39m [2m/docs/api/python/strands.models.anthropic/index.html[22m [2m(+88ms)[22m 
[2m14:18:26[22m   [34m├─[39m [2m/docs/api/python/strands.hooks.registry/index.html[22m [2m(+134ms)[22m 
[2m14:18:26[22m   [34m├─[39m [2m/docs/api/python/strands.models.bedrock/index.html[22m [2m(+66ms)[22m 
[2m14:18:26[22m   [34m├─[39m [2m/docs/api/python/strands.models.gemini/index.html[22m [2m(+86ms)[22m 
[2m14:18:26[22m   [34m├─[39m [2m/docs/api/python/strands.models.llamaapi/index.html[22m [2m(+80ms)[22m 
[2m14:18:26[22m   [34m├─[39m [2m/docs/api/python/strands.models.llamacpp/index.html[22m [2m(+85ms)[22m 
[2m14:18:26[22m   [34m├─[39m [2m/docs/api/python/strands.models.litellm/index.html[22m [2m(+99ms)[22m 
[2m14:18:26[22m   [34m├─[39m [2m/docs/api/python/strands.models/index.html[22m [2m(+20ms)[22m 
[2m14:18:26[22m   [34m├─[39m [2m/docs/api/python/strands.models.mistral/index.html[22m [2m(+79ms)[22m 
[2m14:18:27[22m   [34m├─[39m [2m/docs/api/python/strands.models.model/index.html[22m [2m(+56ms)[22m 
[2m14:18:27[22m   [34m├─[39m [2m/docs/api/python/strands.models.ollama/index.html[22m [2m(+80ms)[22m 
[2m14:18:27[22m   [34m├─[39m [2m/docs/api/python/strands.models.openai/index.html[22m [2m(+129ms)[22m 
[2m14:18:27[22m   [34m├─[39m [2m/docs/api/python/strands.models.openai_responses/index.html[22m [2m(+90ms)[22m 
[2m14:18:27[22m   [34m├─[39m [2m/docs/api/python/strands.models.sagemaker/index.html[22m [2m(+133ms)[22m 
[2m14:18:27[22m   [34m├─[39m [2m/docs/api/python/strands.models.writer/index.html[22m [2m(+78ms)[22m 
[2m14:18:27[22m   [34m├─[39m [2m/docs/api/python/strands.multiagent.a2a.executor/index.html[22m [2m(+41ms)[22m 
[2m14:18:27[22m   [34m├─[39m [2m/docs/api/python/strands.multiagent.base/index.html[22m [2m(+111ms)[22m 
[2m14:18:27[22m   [34m├─[39m [2m/docs/api/python/strands.multiagent.a2a.server/index.html[22m [2m(+72ms)[22m 
[2m14:18:27[22m   [34m├─[39m [2m/docs/api/python/strands.multiagent.graph/index.html[22m [2m(+230ms)[22m 
[2m14:18:28[22m   [34m├─[39m [2m/docs/api/python/strands.multiagent.swarm/index.html[22m [2m(+179ms)[22m 
[2m14:18:28[22m   [34m├─[39m [2m/docs/api/python/strands.plugins.decorator/index.html[22m [2m(+21ms)[22m 
[2m14:18:28[22m   [34m├─[39m [2m/docs/api/python/strands.plugins.registry/index.html[22m [2m(+39ms)[22m 
[2m14:18:28[22m   [34m├─[39m [2m/docs/api/python/strands.plugins.plugin/index.html[22m [2m(+57ms)[22m 
[2m14:18:28[22m   [34m├─[39m [2m/docs/api/python/strands.session.file_session_manager/index.html[22m [2m(+121ms)[22m 
[2m14:18:28[22m   [34m├─[39m [2m/docs/api/python/strands.session.repository_session_manager/index.html[22m [2m(+91ms)[22m 
[2m14:18:28[22m   [34m├─[39m [2m/docs/api/python/strands.session.s3_session_manager/index.html[22m [2m(+122ms)[22m 
[2m14:18:28[22m   [34m├─[39m [2m/docs/api/python/strands.session.session_manager/index.html[22m [2m(+93ms)[22m 
[2m14:18:28[22m   [34m├─[39m [2m/docs/api/python/strands.session.session_repository/index.html[22m [2m(+105ms)[22m 
[2m14:18:28[22m   [34m├─[39m [2m/docs/api/python/strands.telemetry.config/index.html[22m [2m(+57ms)[22m 
[2m14:18:28[22m   [34m├─[39m [2m/docs/api/python/strands.telemetry.metrics/index.html[22m [2m(+194ms)[22m 
[2m14:18:29[22m   [34m├─[39m [2m/docs/api/python/strands.telemetry.tracer/index.html[22m [2m(+146ms)[22m 
[2m14:18:29[22m   [34m├─[39m [2m/docs/api/python/strands.tools.executors.concurrent/index.html[22m [2m(+20ms)[22m 
[2m14:18:29[22m   [34m├─[39m [2m/docs/api/python/strands.tools.decorator/index.html[22m [2m(+143ms)[22m 
[2m14:18:29[22m   [34m├─[39m [2m/docs/api/python/strands.tools.loader/index.html[22m [2m(+79ms)[22m 
[2m14:18:29[22m   [34m├─[39m [2m/docs/api/python/strands.tools.mcp.mcp_agent_tool/index.html[22m [2m(+56ms)[22m 
[2m14:18:29[22m   [34m├─[39m [2m/docs/api/python/strands.tools.executors.sequential/index.html[22m [2m(+20ms)[22m 
[2m14:18:29[22m   [34m├─[39m [2m/docs/api/python/strands.tools.mcp.mcp_instrumentation/index.html[22m [2m(+140ms)[22m 
[2m14:18:29[22m   [34m├─[39m [2m/docs/api/python/strands.tools.mcp.mcp_client/index.html[22m [2m(+143ms)[22m 
[2m14:18:29[22m   [34m├─[39m [2m/docs/api/python/strands.tools.mcp.mcp_tasks/index.html[22m [2m(+20ms)[22m 
[2m14:18:29[22m   [34m├─[39m [2m/docs/api/python/strands.tools.mcp.mcp_types/index.html[22m [2m(+20ms)[22m 
[2m14:18:29[22m   [34m├─[39m [2m/docs/api/python/strands.tools.registry/index.html[22m [2m(+127ms)[22m 
[2m14:18:30[22m   [34m├─[39m [2m/docs/api/python/strands.tools.structured_output.structured_output_tool/index.html[22m [2m(+66ms)[22m 
[2m14:18:30[22m   [34m├─[39m [2m/docs/api/python/strands.tools.structured_output.structured_output_utils/index.html[22m [2m(+21ms)[22m 
[2m14:18:30[22m   [34m├─[39m [2m/docs/api/python/strands.tools.tool_provider/index.html[22m [2m(+42ms)[22m 
[2m14:18:30[22m   [34m├─[39m [2m/docs/api/python/strands.tools.tools/index.html[22m [2m(+118ms)[22m 
[2m14:18:30[22m   [34m├─[39m [2m/docs/api/python/strands.tools.watcher/index.html[22m [2m(+171ms)[22m 
[2m14:18:30[22m   [34m├─[39m [2m/docs/api/python/strands.types.a2a/index.html[22m [2m(+27ms)[22m 
[2m14:18:30[22m   [34m├─[39m [2m/docs/api/python/strands.types.agent/index.html[22m [2m(+19ms)[22m 
[2m14:18:30[22m   [34m├─[39m [2m/docs/api/python/strands.types.collections/index.html[22m [2m(+26ms)[22m 
[2m14:18:30[22m   [34m├─[39m [2m/docs/api/python/strands.types.citations/index.html[22m [2m(+81ms)[22m 
[2m14:18:30[22m   [34m├─[39m [2m/docs/api/python/strands.types.content/index.html[22m [2m(+109ms)[22m 
[2m14:18:30[22m   [34m├─[39m [2m/docs/api/python/strands.types.event_loop/index.html[22m [2m(+29ms)[22m 
[2m14:18:30[22m   [34m├─[39m [2m/docs/api/python/strands.types.exceptions/index.html[22m [2m(+102ms)[22m 
[2m14:18:30[22m   [34m├─[39m [2m/docs/api/python/strands.types.interrupt/index.html[22m [2m(+41ms)[22m 
[2m14:18:30[22m   [34m├─[39m [2m/docs/api/python/strands.types.guardrails/index.html[22m [2m(+125ms)[22m 
[2m14:18:31[22m   [34m├─[39m [2m/docs/api/python/strands.types.json_dict/index.html[22m [2m(+52ms)[22m 
[2m14:18:31[22m   [34m├─[39m [2m/docs/api/python/strands.types.media/index.html[22m [2m(+86ms)[22m 
[2m14:18:31[22m   [34m├─[39m [2m/docs/api/python/strands.types.streaming/index.html[22m [2m(+121ms)[22m 
[2m14:18:31[22m   [34m├─[39m [2m/docs/api/python/strands.types.tools/index.html[22m [2m(+178ms)[22m 
[2m14:18:31[22m   [34m├─[39m [2m/docs/api/python/strands.types.session/index.html[22m [2m(+131ms)[22m 
[2m14:18:31[22m   [34m├─[39m [2m/docs/api/python/strands.vended_plugins.skills.agent_skills/index.html[22m [2m(+67ms)[22m 
[2m14:18:31[22m   [34m├─[39m [2m/docs/api/python/strands.vended_plugins.skills.skill/index.html[22m [2m(+56ms)[22m 
[2m14:18:31[22m   [34m├─[39m [2m/docs/api/python/strands.vended_plugins.steering.context_providers.ledger_provider/index.html[22m [2m(+60ms)[22m 
[2m14:18:31[22m   [34m├─[39m [2m/docs/api/python/strands.vended_plugins.steering.core.action/index.html[22m [2m(+40ms)[22m 
[2m14:18:31[22m   [34m├─[39m [2m/docs/api/python/strands.vended_plugins.steering.core.context/index.html[22m [2m(+52ms)[22m 
[2m14:18:31[22m   [34m├─[39m [2m/docs/api/python/strands.vended_plugins.steering.core.handler/index.html[22m [2m(+59ms)[22m 
[2m14:18:31[22m   [34m├─[39m [2m/docs/api/python/strands.vended_plugins.steering.handlers.llm.llm_handler/index.html[22m [2m(+33ms)[22m 
[2m14:18:31[22m   [34m├─[39m [2m/docs/api/typescript/configureLogging/index.html[22m [2m(+28ms)[22m 
[2m14:18:31[22m   [34m├─[39m [2m/docs/api/python/strands.vended_plugins.steering.handlers.llm.mappers/index.html[22m [2m(+42ms)[22m 
[2m14:18:32[22m   [34m├─[39m [2m/docs/api/typescript/contentBlockFromData/index.html[22m [2m(+31ms)[22m 
[2m14:18:32[22m   [34m├─[39m [2m/docs/api/typescript/telemetry:getTracer/index.html[22m [2m(+22ms)[22m 
[2m14:18:32[22m   [34m├─[39m [2m/docs/api/typescript/isModelStreamEvent/index.html[22m [2m(+22ms)[22m 
[2m14:18:32[22m   [34m├─[39m [2m/docs/api/typescript/telemetry:setupTracer/index.html[22m [2m(+29ms)[22m 
[2m14:18:32[22m   [34m├─[39m [2m/docs/api/typescript/tool/index.html[22m [2m(+70ms)[22m 
[2m14:18:32[22m   [34m├─[39m [2m/docs/api/typescript/AfterInvocationEvent/index.html[22m [2m(+70ms)[22m 
[2m14:18:32[22m   [34m├─[39m [2m/docs/api/typescript/AfterModelCallEvent/index.html[22m [2m(+103ms)[22m 
[2m14:18:32[22m   [34m├─[39m [2m/docs/api/typescript/AfterToolCallEvent/index.html[22m [2m(+134ms)[22m 
[2m14:18:32[22m   [34m├─[39m [2m/docs/api/typescript/AfterToolsEvent/index.html[22m [2m(+86ms)[22m 
[2m14:18:32[22m   [34m├─[39m [2m/docs/api/typescript/Agent/index.html[22m [2m(+206ms)[22m 
[2m14:18:32[22m   [34m├─[39m [2m/docs/api/typescript/AgentMetrics/index.html[22m [2m(+182ms)[22m 
[2m14:18:32[22m   [34m├─[39m [2m/docs/api/typescript/AgentResult/index.html[22m [2m(+98ms)[22m 
[2m14:18:33[22m   [34m├─[39m [2m/docs/api/typescript/AgentResultEvent/index.html[22m [2m(+85ms)[22m 
[2m14:18:33[22m   [34m├─[39m [2m/docs/api/typescript/AppState/index.html[22m [2m(+253ms)[22m 
[2m14:18:33[22m   [34m├─[39m [2m/docs/api/typescript/BedrockModel/index.html[22m [2m(+230ms)[22m 
[2m14:18:33[22m   [34m├─[39m [2m/docs/api/typescript/BeforeInvocationEvent/index.html[22m [2m(+70ms)[22m 
[2m14:18:33[22m   [34m├─[39m [2m/docs/api/typescript/BeforeModelCallEvent/index.html[22m [2m(+68ms)[22m 
[2m14:18:33[22m   [34m├─[39m [2m/docs/api/typescript/BeforeToolCallEvent/index.html[22m [2m(+112ms)[22m 
[2m14:18:33[22m   [34m├─[39m [2m/docs/api/typescript/BeforeToolsEvent/index.html[22m [2m(+88ms)[22m 
[2m14:18:33[22m   [34m├─[39m [2m/docs/api/typescript/CachePointBlock/index.html[22m [2m(+114ms)[22m 
[2m14:18:34[22m   [34m├─[39m [2m/docs/api/typescript/ConcurrentInvocationError/index.html[22m [2m(+40ms)[22m 
[2m14:18:34[22m   [34m├─[39m [2m/docs/api/typescript/CitationsBlock/index.html[22m [2m(+133ms)[22m 
[2m14:18:34[22m   [34m├─[39m [2m/docs/api/typescript/ContentBlockEvent/index.html[22m [2m(+94ms)[22m 
[2m14:18:34[22m   [34m├─[39m [2m/docs/api/typescript/ContextWindowOverflowError/index.html[22m [2m(+53ms)[22m 
[2m14:18:34[22m   [34m├─[39m [2m/docs/api/typescript/DocumentBlock/index.html[22m [2m(+209ms)[22m 
[2m14:18:34[22m   [34m├─[39m [2m/docs/api/typescript/FileStorage/index.html[22m [2m(+202ms)[22m 
[2m14:18:34[22m   [34m├─[39m [2m/docs/api/typescript/FunctionTool/index.html[22m [2m(+219ms)[22m 
[2m14:18:35[22m   [34m├─[39m [2m/docs/api/typescript/Graph/index.html[22m [2m(+120ms)[22m 
[2m14:18:35[22m   [34m├─[39m [2m/docs/api/typescript/GuardContentBlock/index.html[22m [2m(+189ms)[22m 
[2m14:18:35[22m   [34m├─[39m [2m/docs/api/typescript/HookRegistry/index.html[22m [2m(+137ms)[22m 
[2m14:18:35[22m   [34m├─[39m [2m/docs/api/typescript/ImageBlock/index.html[22m [2m(+142ms)[22m 
[2m14:18:35[22m   [34m├─[39m [2m/docs/api/typescript/HookableEvent/index.html[22m [2m(+104ms)[22m 
[2m14:18:35[22m   [34m├─[39m [2m/docs/api/typescript/InitializedEvent/index.html[22m [2m(+73ms)[22m 
[2m14:18:35[22m   [34m├─[39m [2m/docs/api/typescript/JsonBlock/index.html[22m [2m(+87ms)[22m 
[2m14:18:35[22m   [34m├─[39m [2m/docs/api/typescript/JsonValidationError/index.html[22m [2m(+45ms)[22m 
[2m14:18:35[22m   [34m├─[39m [2m/docs/api/typescript/MaxTokensError/index.html[22m [2m(+63ms)[22m 
[2m14:18:36[22m   [34m├─[39m [2m/docs/api/typescript/McpClient/index.html[22m [2m(+126ms)[22m 
[2m14:18:36[22m   [34m├─[39m [2m/docs/api/typescript/Message/index.html[22m [2m(+133ms)[22m 
[2m14:18:36[22m   [34m├─[39m [2m/docs/api/typescript/ModelError/index.html[22m [2m(+53ms)[22m 
[2m14:18:36[22m   [34m├─[39m [2m/docs/api/typescript/MessageAddedEvent/index.html[22m [2m(+86ms)[22m 
[2m14:18:36[22m   [34m├─[39m [2m/docs/api/typescript/ModelMessageEvent/index.html[22m [2m(+96ms)[22m 
[2m14:18:36[22m   [34m├─[39m [2m/docs/api/typescript/Model/index.html[22m [2m(+143ms)[22m 
[2m14:18:36[22m   [34m├─[39m [2m/docs/api/typescript/ModelStreamUpdateEvent/index.html[22m [2m(+90ms)[22m 
[2m14:18:36[22m   [34m├─[39m [2m/docs/api/typescript/ModelThrottledError/index.html[22m [2m(+49ms)[22m 
[2m14:18:36[22m   [34m├─[39m [2m/docs/api/typescript/NullConversationManager/index.html[22m [2m(+59ms)[22m 
[2m14:18:36[22m   [34m├─[39m [2m/docs/api/typescript/ReasoningBlock/index.html[22m [2m(+139ms)[22m 
[2m14:18:36[22m   [34m├─[39m [2m/docs/api/typescript/S3Location/index.html[22m [2m(+118ms)[22m 
[2m14:18:37[22m   [34m├─[39m [2m/docs/api/typescript/SessionManager/index.html[22m [2m(+114ms)[22m 
[2m14:18:37[22m   [34m├─[39m [2m/docs/api/typescript/S3Storage/index.html[22m [2m(+215ms)[22m 
[2m14:18:37[22m   [34m├─[39m [2m/docs/api/typescript/SlidingWindowConversationManager/index.html[22m [2m(+74ms)[22m 
[2m14:18:37[22m   [34m├─[39m [2m/docs/api/typescript/StreamEvent/index.html[22m [2m(+36ms)[22m 
[2m14:18:37[22m   [34m├─[39m [2m/docs/api/typescript/StructuredOutputException/index.html[22m [2m(+40ms)[22m 
[2m14:18:37[22m   [34m├─[39m [2m/docs/api/typescript/Swarm/index.html[22m [2m(+121ms)[22m 
[2m14:18:37[22m   [34m├─[39m [2m/docs/api/typescript/TextBlock/index.html[22m [2m(+105ms)[22m 
[2m14:18:37[22m   [34m├─[39m [2m/docs/api/typescript/Tool/index.html[22m [2m(+93ms)[22m 
[2m14:18:37[22m   [34m├─[39m [2m/docs/api/typescript/ToolResultBlock/index.html[22m [2m(+174ms)[22m 
[2m14:18:38[22m   [34m├─[39m [2m/docs/api/typescript/ToolResultEvent/index.html[22m [2m(+90ms)[22m 
[2m14:18:38[22m   [34m├─[39m [2m/docs/api/typescript/ToolUseBlock/index.html[22m [2m(+176ms)[22m 
[2m14:18:38[22m   [34m├─[39m [2m/docs/api/typescript/ToolStreamUpdateEvent/index.html[22m [2m(+97ms)[22m 
[2m14:18:38[22m   [34m├─[39m [2m/docs/api/typescript/ToolValidationError/index.html[22m [2m(+41ms)[22m 
[2m14:18:38[22m   [34m├─[39m [2m/docs/api/typescript/VideoBlock/index.html[22m [2m(+155ms)[22m 
[2m14:18:38[22m   [34m├─[39m [2m/docs/api/typescript/ZodTool/index.html[22m [2m(+262ms)[22m 
[2m14:18:38[22m   [34m├─[39m [2m/docs/api/typescript/telemetry/index.html[22m [2m(+30ms)[22m 
[2m14:18:38[22m   [34m├─[39m [2m/docs/api/typescript/AgentData/index.html[22m [2m(+36ms)[22m 
[2m14:18:38[22m   [34m├─[39m [2m/docs/api/typescript/BaseModelConfig/index.html[22m [2m(+65ms)[22m 
[2m14:18:39[22m   [34m├─[39m [2m/docs/api/typescript/BedrockGuardrailConfig/index.html[22m [2m(+68ms)[22m 
[2m14:18:39[22m   [34m├─[39m [2m/docs/api/typescript/BedrockGuardrailRedactionConfig/index.html[22m [2m(+64ms)[22m 
[2m14:18:39[22m   [34m├─[39m [2m/docs/api/typescript/BedrockModelOptions/index.html[22m [2m(+343ms)[22m 
[2m14:18:39[22m   [34m├─[39m [2m/docs/api/typescript/CachePointBlockData/index.html[22m [2m(+30ms)[22m 
[2m14:18:39[22m   [34m├─[39m [2m/docs/api/typescript/BedrockModelConfig/index.html[22m [2m(+229ms)[22m 
[2m14:18:39[22m   [34m├─[39m [2m/docs/api/typescript/Citation/index.html[22m [2m(+51ms)[22m 
[2m14:18:39[22m   [34m├─[39m [2m/docs/api/typescript/CitationsBlockData/index.html[22m [2m(+37ms)[22m 
[2m14:18:39[22m   [34m├─[39m [2m/docs/api/typescript/CitationsDelta/index.html[22m [2m(+42ms)[22m 
[2m14:18:39[22m   [34m├─[39m [2m/docs/api/typescript/DocumentBlockData/index.html[22m [2m(+61ms)[22m 
[2m14:18:39[22m   [34m├─[39m [2m/docs/api/typescript/GuardContentBlockData/index.html[22m [2m(+36ms)[22m 
[2m14:18:39[22m   [34m├─[39m [2m/docs/api/typescript/FunctionToolConfig/index.html[22m [2m(+50ms)[22m 
[2m14:18:40[22m   [34m├─[39m [2m/docs/api/typescript/GuardContentImage/index.html[22m [2m(+35ms)[22m 
[2m14:18:40[22m   [34m├─[39m [2m/docs/api/typescript/GuardContentText/index.html[22m [2m(+35ms)[22m 
[2m14:18:40[22m   [34m├─[39m [2m/docs/api/typescript/HookProvider/index.html[22m [2m(+39ms)[22m 
[2m14:18:40[22m   [34m├─[39m [2m/docs/api/typescript/ImageBlockData/index.html[22m [2m(+35ms)[22m 
[2m14:18:40[22m   [34m├─[39m [2m/docs/api/typescript/InvokableTool/index.html[22m [2m(+144ms)[22m 
[2m14:18:40[22m   [34m├─[39m [2m/docs/api/typescript/Logger/index.html[22m [2m(+80ms)[22m 
[2m14:18:40[22m   [34m├─[39m [2m/docs/api/typescript/MessageData/index.html[22m [2m(+35ms)[22m 
[2m14:18:40[22m   [34m├─[39m [2m/docs/api/typescript/Metrics/index.html[22m [2m(+27ms)[22m 
[2m14:18:40[22m   [34m├─[39m [2m/docs/api/typescript/ModelContentBlockDeltaEvent/index.html[22m [2m(+57ms)[22m 
[2m14:18:40[22m   [34m├─[39m [2m/docs/api/typescript/ModelContentBlockDeltaEventData/index.html[22m [2m(+36ms)[22m 
[2m14:18:40[22m   [34m├─[39m [2m/docs/api/typescript/ModelContentBlockStartEvent/index.html[22m [2m(+52ms)[22m 
[2m14:18:40[22m   [34m├─[39m [2m/docs/api/typescript/ModelContentBlockStopEvent/index.html[22m [2m(+37ms)[22m 
[2m14:18:40[22m   [34m├─[39m [2m/docs/api/typescript/ModelContentBlockStartEventData/index.html[22m [2m(+36ms)[22m 
[2m14:18:40[22m   [34m├─[39m [2m/docs/api/typescript/ModelMessageStartEvent/index.html[22m [2m(+52ms)[22m 
[2m14:18:40[22m   [34m├─[39m [2m/docs/api/typescript/ModelMessageStartEventData/index.html[22m [2m(+41ms)[22m 
[2m14:18:40[22m   [34m├─[39m [2m/docs/api/typescript/ModelMessageStopEvent/index.html[22m [2m(+68ms)[22m 
[2m14:18:40[22m   [34m├─[39m [2m/docs/api/typescript/ModelMessageStopEventData/index.html[22m [2m(+59ms)[22m 
[2m14:18:40[22m   [34m├─[39m [2m/docs/api/typescript/ModelMetadataEvent/index.html[22m [2m(+160ms)[22m 
[2m14:18:41[22m   [34m├─[39m [2m/docs/api/typescript/ModelMetadataEventData/index.html[22m [2m(+47ms)[22m 
[2m14:18:41[22m   [34m├─[39m [2m/docs/api/typescript/ModelRedactionEvent/index.html[22m [2m(+57ms)[22m 
[2m14:18:41[22m   [34m├─[39m [2m/docs/api/typescript/ModelRedactionEventData/index.html[22m [2m(+41ms)[22m 
[2m14:18:41[22m   [34m├─[39m [2m/docs/api/typescript/ModelStopResponse/index.html[22m [2m(+41ms)[22m 
[2m14:18:41[22m   [34m├─[39m [2m/docs/api/typescript/ReasoningBlockData/index.html[22m [2m(+40ms)[22m 
[2m14:18:41[22m   [34m├─[39m [2m/docs/api/typescript/ReasoningContentDelta/index.html[22m [2m(+47ms)[22m 
[2m14:18:41[22m   [34m├─[39m [2m/docs/api/typescript/RedactInputContent/index.html[22m [2m(+26ms)[22m 
[2m14:18:41[22m   [34m├─[39m [2m/docs/api/typescript/RedactOutputContent/index.html[22m [2m(+32ms)[22m 
[2m14:18:41[22m   [34m├─[39m [2m/docs/api/typescript/Redaction/index.html[22m [2m(+26ms)[22m 
[2m14:18:41[22m   [34m├─[39m [2m/docs/api/typescript/S3LocationData/index.html[22m [2m(+33ms)[22m 
[2m14:18:41[22m   [34m├─[39m [2m/docs/api/typescript/SessionManagerConfig/index.html[22m [2m(+54ms)[22m 
[2m14:18:41[22m   [34m├─[39m [2m/docs/api/typescript/Snapshot/index.html[22m [2m(+55ms)[22m 
[2m14:18:41[22m   [34m├─[39m [2m/docs/api/typescript/SnapshotManifest/index.html[22m [2m(+33ms)[22m 
[2m14:18:41[22m   [34m├─[39m [2m/docs/api/typescript/SnapshotStorage/index.html[22m [2m(+145ms)[22m 
[2m14:18:41[22m   [34m├─[39m [2m/docs/api/typescript/SnapshotTriggerParams/index.html[22m [2m(+28ms)[22m 
[2m14:18:41[22m   [34m├─[39m [2m/docs/api/typescript/StreamOptions/index.html[22m [2m(+41ms)[22m 
[2m14:18:41[22m   [34m├─[39m [2m/docs/api/typescript/TextBlockData/index.html[22m [2m(+26ms)[22m 
[2m14:18:41[22m   [34m├─[39m [2m/docs/api/typescript/TasksConfig/index.html[22m [2m(+33ms)[22m 
[2m14:18:41[22m   [34m├─[39m [2m/docs/api/typescript/TextDelta/index.html[22m [2m(+33ms)[22m 
[2m14:18:41[22m   [34m├─[39m [2m/docs/api/typescript/ToolContext/index.html[22m [2m(+34ms)[22m 
[2m14:18:41[22m   [34m├─[39m [2m/docs/api/typescript/ToolResultBlockData/index.html[22m [2m(+47ms)[22m 
[2m14:18:41[22m   [34m├─[39m [2m/docs/api/typescript/ToolSpec/index.html[22m [2m(+40ms)[22m 
[2m14:18:42[22m   [34m├─[39m [2m/docs/api/typescript/ToolStreamEvent/index.html[22m [2m(+48ms)[22m 
[2m14:18:42[22m   [34m├─[39m [2m/docs/api/typescript/ToolStreamEventData/index.html[22m [2m(+33ms)[22m 
[2m14:18:42[22m   [34m├─[39m [2m/docs/api/typescript/ToolUseBlockData/index.html[22m [2m(+46ms)[22m 
[2m14:18:42[22m   [34m├─[39m [2m/docs/api/typescript/ToolUseInputDelta/index.html[22m [2m(+33ms)[22m 
[2m14:18:42[22m   [34m├─[39m [2m/docs/api/typescript/ToolUse/index.html[22m [2m(+40ms)[22m 
[2m14:18:42[22m   [34m├─[39m [2m/docs/api/typescript/ToolUseStart/index.html[22m [2m(+47ms)[22m 
[2m14:18:42[22m   [34m├─[39m [2m/docs/api/typescript/telemetry:TracerConfig/index.html[22m [2m(+40ms)[22m 
[2m14:18:42[22m   [34m├─[39m [2m/docs/api/typescript/Usage/index.html[22m [2m(+52ms)[22m 
[2m14:18:42[22m   [34m├─[39m [2m/docs/api/typescript/VideoBlockData/index.html[22m [2m(+32ms)[22m 
[2m14:18:42[22m   [34m├─[39m [2m/docs/api/typescript/ZodToolConfig/index.html[22m [2m(+66ms)[22m 
[2m14:18:42[22m   [34m├─[39m [2m/docs/api/typescript/AgentConfig/index.html[22m [2m(+118ms)[22m 
[2m14:18:42[22m   [34m├─[39m [2m/docs/api/typescript/AgentStreamEvent/index.html[22m [2m(+22ms)[22m 
[2m14:18:42[22m   [34m├─[39m [2m/docs/api/typescript/CitationGeneratedContent/index.html[22m [2m(+25ms)[22m 
[2m14:18:42[22m   [34m├─[39m [2m/docs/api/typescript/CitationLocation/index.html[22m [2m(+83ms)[22m 
[2m14:18:42[22m   [34m├─[39m [2m/docs/api/typescript/CitationSourceContent/index.html[22m [2m(+26ms)[22m 
[2m14:18:42[22m   [34m├─[39m [2m/docs/api/typescript/ContentBlock/index.html[22m [2m(+15ms)[22m 
[2m14:18:42[22m   [34m├─[39m [2m/docs/api/typescript/ContentBlockData/index.html[22m [2m(+20ms)[22m 
[2m14:18:42[22m   [34m├─[39m [2m/docs/api/typescript/ContentBlockDelta/index.html[22m [2m(+16ms)[22m 
[2m14:18:42[22m   [34m├─[39m [2m/docs/api/typescript/ContentBlockStart/index.html[22m [2m(+16ms)[22m 
[2m14:18:42[22m   [34m├─[39m [2m/docs/api/typescript/DocumentContentBlock/index.html[22m [2m(+15ms)[22m 
[2m14:18:42[22m   [34m├─[39m [2m/docs/api/typescript/DocumentContentBlockData/index.html[22m [2m(+17ms)[22m 
[2m14:18:42[22m   [34m├─[39m [2m/docs/api/typescript/DocumentFormat/index.html[22m [2m(+16ms)[22m 
[2m14:18:42[22m   [34m├─[39m [2m/docs/api/typescript/DocumentSource/index.html[22m [2m(+14ms)[22m 
[2m14:18:42[22m   [34m├─[39m [2m/docs/api/typescript/FunctionToolCallback/index.html[22m [2m(+43ms)[22m 
[2m14:18:42[22m   [34m├─[39m [2m/docs/api/typescript/DocumentSourceData/index.html[22m [2m(+14ms)[22m 
[2m14:18:42[22m   [34m├─[39m [2m/docs/api/typescript/GuardImageFormat/index.html[22m [2m(+16ms)[22m 
[2m14:18:42[22m   [34m├─[39m [2m/docs/api/typescript/GuardImageSource/index.html[22m [2m(+25ms)[22m 
[2m14:18:42[22m   [34m├─[39m [2m/docs/api/typescript/GuardQualifier/index.html[22m [2m(+15ms)[22m 
[2m14:18:42[22m   [34m├─[39m [2m/docs/api/typescript/HookCallback/index.html[22m [2m(+32ms)[22m 
[2m14:18:43[22m   [34m├─[39m [2m/docs/api/typescript/HookableEventConstructor/index.html[22m [2m(+32ms)[22m 
[2m14:18:43[22m   [34m├─[39m [2m/docs/api/typescript/ImageFormat/index.html[22m [2m(+14ms)[22m 
[2m14:18:43[22m   [34m├─[39m [2m/docs/api/typescript/ImageSource/index.html[22m [2m(+15ms)[22m 
[2m14:18:43[22m   [34m├─[39m [2m/docs/api/typescript/ImageSourceData/index.html[22m [2m(+15ms)[22m 
[2m14:18:43[22m   [34m├─[39m [2m/docs/api/typescript/JSONSchema/index.html[22m [2m(+18ms)[22m 
[2m14:18:43[22m   [34m├─[39m [2m/docs/api/typescript/JSONValue/index.html[22m [2m(+18ms)[22m 
[2m14:18:43[22m   [34m├─[39m [2m/docs/api/typescript/ModelStreamEvent/index.html[22m [2m(+16ms)[22m 
[2m14:18:43[22m   [34m├─[39m [2m/docs/api/typescript/McpClientConfig/index.html[22m [2m(+33ms)[22m 
[2m14:18:43[22m   [34m├─[39m [2m/docs/api/typescript/Role/index.html[22m [2m(+15ms)[22m 
[2m14:18:43[22m   [34m├─[39m [2m/docs/api/typescript/S3StorageConfig/index.html[22m [2m(+48ms)[22m 
[2m14:18:43[22m   [34m├─[39m [2m/docs/api/typescript/SaveLatestStrategy/index.html[22m [2m(+16ms)[22m 
[2m14:18:43[22m   [34m├─[39m [2m/docs/api/typescript/Scope/index.html[22m [2m(+14ms)[22m 
[2m14:18:43[22m   [34m├─[39m [2m/docs/api/typescript/SlidingWindowConversationManagerConfig/index.html[22m [2m(+32ms)[22m 
[2m14:18:43[22m   [34m├─[39m [2m/docs/api/typescript/SnapshotLocation/index.html[22m [2m(+39ms)[22m 
[2m14:18:43[22m   [34m├─[39m [2m/docs/api/typescript/SessionStorage/index.html[22m [2m(+30ms)[22m 
[2m14:18:43[22m   [34m├─[39m [2m/docs/api/typescript/SnapshotTriggerCallback/index.html[22m [2m(+28ms)[22m 
[2m14:18:43[22m   [34m├─[39m [2m/docs/api/typescript/StopReason/index.html[22m [2m(+16ms)[22m 
[2m14:18:43[22m   [34m├─[39m [2m/docs/api/typescript/SystemContentBlock/index.html[22m [2m(+16ms)[22m 
[2m14:18:43[22m   [34m├─[39m [2m/docs/api/typescript/SystemPrompt/index.html[22m [2m(+19ms)[22m 
[2m14:18:43[22m   [34m├─[39m [2m/docs/api/typescript/SystemPromptData/index.html[22m [2m(+14ms)[22m 
[2m14:18:43[22m   [34m├─[39m [2m/docs/api/typescript/ToolChoice/index.html[22m [2m(+16ms)[22m 
[2m14:18:43[22m   [34m├─[39m [2m/docs/api/typescript/ToolList/index.html[22m [2m(+15ms)[22m 
[2m14:18:43[22m   [34m├─[39m [2m/docs/api/typescript/ToolResultContent/index.html[22m [2m(+14ms)[22m 
[2m14:18:43[22m   [34m├─[39m [2m/docs/api/typescript/ToolResultStatus/index.html[22m [2m(+15ms)[22m 
[2m14:18:43[22m   [34m├─[39m [2m/docs/api/typescript/ToolStreamGenerator/index.html[22m [2m(+14ms)[22m 
[2m14:18:43[22m   [34m├─[39m [2m/docs/api/typescript/VideoFormat/index.html[22m [2m(+16ms)[22m 
[2m14:18:43[22m   [34m├─[39m [2m/docs/api/typescript/VideoSource/index.html[22m [2m(+16ms)[22m 
[2m14:18:43[22m   [34m└─[39m [2m/docs/api/typescript/VideoSourceData/index.html[22m [2m(+14ms)[22m 
[2m14:18:43[22m [32m✓ Completed in 83.99s.
[39m
[42m[30m generating optimized images [39m[49m
[2m14:18:43[22m   [32m▶[39m /_astro/whale_1.BbWHgxOK_10Bx4x.webp [2m(before: 131kB, after: 8kB)[22m [2m(+46ms)[22m [2m(1/15)[22m
[2m14:18:43[22m   [32m▶[39m /_astro/whale_2.D8UUil-J_mkbbj.webp [2m(before: 136kB, after: 11kB)[22m [2m(+47ms)[22m [2m(2/15)[22m
[2m14:18:43[22m   [32m▶[39m /_astro/smartsheet-logo.CtbzAG68_1t1H15.svg [2m(before: 0kB, after: 0kB)[22m [2m(+1ms)[22m [2m(3/15)[22m
[2m14:18:43[22m   [32m▶[39m /_astro/whale_3.CBbgjVUn_1ANSGd.webp [2m(before: 143kB, after: 12kB)[22m [2m(+49ms)[22m [2m(4/15)[22m
[2m14:18:43[22m   [32m▶[39m /_astro/smartsheet-logo-white.BLGLAcL2_1t1H15.svg [2m(before: 0kB, after: 0kB)[22m [2m(+1ms)[22m [2m(5/15)[22m
[2m14:18:43[22m   [32m▶[39m /_astro/landchecker-logo.CtTrJnmd_1uOybF.svg [2m(before: 0kB, after: 0kB)[22m [2m(+1ms)[22m [2m(6/15)[22m
[2m14:18:43[22m   [32m▶[39m /_astro/swisscom-logo.CxjlrfQU_1sSyCH.svg [2m(before: 8kB, after: 8kB)[22m [2m(+1ms)[22m [2m(7/15)[22m
[2m14:18:43[22m   [32m▶[39m /_astro/zafran-logo.CBewGzoP_1uOybF.svg [2m(before: 1kB, after: 1kB)[22m [2m(+1ms)[22m [2m(8/15)[22m
[2m14:18:43[22m   [32m▶[39m /_astro/eightcap-logo.BxeLdLE7_1uOybF.svg [2m(before: 1kB, after: 1kB)[22m [2m(+2ms)[22m [2m(9/15)[22m
[2m14:18:43[22m   [32m▶[39m /_astro/jit_logo.CB5FmSM0_1uGpNi.svg [2m(before: 2kB, after: 2kB)[22m [2m(+1ms)[22m [2m(10/15)[22m
[2m14:18:43[22m   [32m▶[39m /_astro/teamform-logo.Cy9MC-00_10WQup.webp [2m(before: 4kB, after: 0kB)[22m [2m(+8ms)[22m [2m(11/15)[22m
[2m14:18:43[22m   [32m▶[39m /_astro/tavily-logo.CcMcGH8V_1uOybF.svg [2m(before: 1kB, after: 1kB)[22m [2m(+1ms)[22m [2m(12/15)[22m
[2m14:18:43[22m   [32m▶[39m /_astro/terrasecurity_logo.C2PKCoga_ZlQaOd.webp [2m(before: 7kB, after: 0kB)[22m [2m(+20ms)[22m [2m(13/15)[22m
[2m14:18:43[22m   [32m▶[39m /_astro/whale_2_large.DjeT7M9T_Z2ewWVS.webp [2m(before: 1476kB, after: 74kB)[22m [2m(+165ms)[22m [2m(14/15)[22m
[2m14:18:44[22m   [32m▶[39m /_astro/trace_visualization.DpHaJCpW_1m5Vq7.webp [2m(before: 788kB, after: 222kB)[22m [2m(+529ms)[22m [2m(15/15)[22m
[2m14:18:44[22m [32m✓ Completed in 576ms.
[39m
[2m14:18:44[22m [34m[starlight:pagefind][39m Building search index with Pagefind...
[2m14:18:47[22m [34m[build][39m Waiting for integration [1m"@astrojs/starlight"[22m, hook [1m"astro:build:done"[22m...
[2m14:18:47[22m [34m[starlight:pagefind][39m Found 433 HTML files.
[2m14:18:48[22m [34m[starlight:pagefind][39m Finished building search index in 4.26s.
[2m14:18:48[22m [34m[@astrojs/sitemap][39m `sitemap-index.xml` created at `dist`
[2m14:18:48[22m [34m[astro-broken-links-checker][39m Checking 433 html pages for broken links
[2m14:18:51[22m [34m[astro-broken-links-checker][39m No broken links detected.
[2m14:18:51[22m [34m[astro-broken-links-checker][39m Time to check links: 2655 ms
[2m14:18:51[22m [34m[build][39m 433 page(s) built in [1m147.96s[22m
[2m14:18:51[22m [34m[build][39m [1mComplete![22m
